/home/clementc/Downloads/STM32Cube_FW_WL_V1.3.0/Middlewares/ST/STM32_Key_Management_Services/Core/kms_platf_objects.c:178:13:KMS_PlatfObjects_NvmStaticObjectList	24	static
/home/clementc/Downloads/STM32Cube_FW_WL_V1.3.0/Middlewares/ST/STM32_Key_Management_Services/Core/kms_platf_objects.c:208:13:KMS_PlatfObjects_NvmDynamicObjectList	24	static
/home/clementc/Downloads/STM32Cube_FW_WL_V1.3.0/Middlewares/ST/STM32_Key_Management_Services/Core/kms_platf_objects.c:489:6:KMS_PlatfObjects_EmbeddedRange	0	static
/home/clementc/Downloads/STM32Cube_FW_WL_V1.3.0/Middlewares/ST/STM32_Key_Management_Services/Core/kms_platf_objects.c:500:20:KMS_PlatfObjects_EmbeddedObject	0	static
/home/clementc/Downloads/STM32Cube_FW_WL_V1.3.0/Middlewares/ST/STM32_Key_Management_Services/Core/kms_platf_objects.c:512:6:KMS_PlatfObjects_NvmStaticRange	0	static
/home/clementc/Downloads/STM32Cube_FW_WL_V1.3.0/Middlewares/ST/STM32_Key_Management_Services/Core/kms_platf_objects.c:525:20:KMS_PlatfObjects_NvmStaticObject	0	static
/home/clementc/Downloads/STM32Cube_FW_WL_V1.3.0/Middlewares/ST/STM32_Key_Management_Services/Core/kms_platf_objects.c:594:6:KMS_PlatfObjects_NvmDynamicRange	0	static
/home/clementc/Downloads/STM32Cube_FW_WL_V1.3.0/Middlewares/ST/STM32_Key_Management_Services/Core/kms_platf_objects.c:607:20:KMS_PlatfObjects_NvmDynamicObject	0	static
/home/clementc/Downloads/STM32Cube_FW_WL_V1.3.0/Middlewares/ST/STM32_Key_Management_Services/Core/kms_platf_objects.c:802:6:KMS_PlatfObjects_Init	8	static
/home/clementc/Downloads/STM32Cube_FW_WL_V1.3.0/Middlewares/ST/STM32_Key_Management_Services/Core/kms_platf_objects.c:837:6:KMS_PlatfObjects_Finalize	8	static
/home/clementc/Downloads/STM32Cube_FW_WL_V1.3.0/Middlewares/ST/STM32_Key_Management_Services/Core/kms_platf_objects.c:866:7:KMS_PlatfObjects_NvmStoreObject	8	static
/home/clementc/Downloads/STM32Cube_FW_WL_V1.3.0/Middlewares/ST/STM32_Key_Management_Services/Core/kms_platf_objects.c:705:7:KMS_PlatfObjects_AllocateAndStore	16	static
/home/clementc/Downloads/STM32Cube_FW_WL_V1.3.0/Middlewares/ST/STM32_Key_Management_Services/Core/kms_platf_objects.c:992:7:KMS_PlatfObjects_NvmRemoveObject	8	static
/home/clementc/Downloads/STM32Cube_FW_WL_V1.3.0/Middlewares/ST/STM32_Key_Management_Services/Core/kms_platf_objects.c:1027:10:KMS_PlatfObjects_GetBlobVerifyKey	0	static
/home/clementc/Downloads/STM32Cube_FW_WL_V1.3.0/Middlewares/ST/STM32_Key_Management_Services/Core/kms_platf_objects.c:1038:10:KMS_PlatfObjects_GetBlobDecryptKey	0	static
