/home/clementc/Downloads/STM32Cube_FW_WL_V1.3.0/Middlewares/ST/STM32_Key_Management_Services/Modules/kms_nvm_storage.c:96:13:reset	16	static
/home/clementc/Downloads/STM32Cube_FW_WL_V1.3.0/Middlewares/ST/STM32_Key_Management_Services/Modules/kms_nvm_storage.c:622:13:null_callback	0	static
/home/clementc/Downloads/STM32Cube_FW_WL_V1.3.0/Middlewares/ST/STM32_Key_Management_Services/Modules/kms_nvm_storage.c:631:13:use_slot_callback	0	static
/home/clementc/Downloads/STM32Cube_FW_WL_V1.3.0/Middlewares/ST/STM32_Key_Management_Services/Modules/kms_nvm_storage.c:640:13:use_end_callback	0	static
/home/clementc/Downloads/STM32Cube_FW_WL_V1.3.0/Middlewares/ST/STM32_Key_Management_Services/Modules/kms_nvm_storage.c:81:21:block_erase	8	static
/home/clementc/Downloads/STM32Cube_FW_WL_V1.3.0/Middlewares/ST/STM32_Key_Management_Services/Modules/kms_nvm_storage.c:578:21:validate	40	static
/home/clementc/Downloads/STM32Cube_FW_WL_V1.3.0/Middlewares/ST/STM32_Key_Management_Services/Modules/kms_nvm_storage.c:158:27:check_slot_instance	12	static
/home/clementc/Downloads/STM32Cube_FW_WL_V1.3.0/Middlewares/ST/STM32_Key_Management_Services/Modules/kms_nvm_storage.c:248:28:scan_slots	32	static
/home/clementc/Downloads/STM32Cube_FW_WL_V1.3.0/Middlewares/ST/STM32_Key_Management_Services/Modules/kms_nvm_storage.c:657:21:use	16	static
/home/clementc/Downloads/STM32Cube_FW_WL_V1.3.0/Middlewares/ST/STM32_Key_Management_Services/Modules/kms_nvm_storage.c:540:21:copy_slots	80	static
/home/clementc/Downloads/STM32Cube_FW_WL_V1.3.0/Middlewares/ST/STM32_Key_Management_Services/Modules/kms_nvm_storage.c:814:21:garbage_collect	8	static
/home/clementc/Downloads/STM32Cube_FW_WL_V1.3.0/Middlewares/ST/STM32_Key_Management_Services/Modules/kms_nvm_storage.c:752:21:append_slot	56	static
/home/clementc/Downloads/STM32Cube_FW_WL_V1.3.0/Middlewares/ST/STM32_Key_Management_Services/Modules/kms_nvm_storage.c:1170:14:NVMS_Init	48	static
/home/clementc/Downloads/STM32Cube_FW_WL_V1.3.0/Middlewares/ST/STM32_Key_Management_Services/Modules/kms_nvm_storage.c:1191:6:NVMS_Deinit	0	static
/home/clementc/Downloads/STM32Cube_FW_WL_V1.3.0/Middlewares/ST/STM32_Key_Management_Services/Modules/kms_nvm_storage.c:1207:14:NVMS_Erase	8	static
/home/clementc/Downloads/STM32Cube_FW_WL_V1.3.0/Middlewares/ST/STM32_Key_Management_Services/Modules/kms_nvm_storage.c:1247:14:NVMS_WriteDataWithType	56	static
/home/clementc/Downloads/STM32Cube_FW_WL_V1.3.0/Middlewares/ST/STM32_Key_Management_Services/Modules/kms_nvm_storage.c:1341:14:NVMS_EraseData	40	static
/home/clementc/Downloads/STM32Cube_FW_WL_V1.3.0/Middlewares/ST/STM32_Key_Management_Services/Modules/kms_nvm_storage.c:1429:14:NVMS_GetDataWithType	12	static
