/home/clementc/Downloads/STM32Cube_FW_WL_V1.3.0/Middlewares/ST/STM32_Key_Management_Services/Modules/kms_sign_verify.c:183:11:sign_verify_init	56	static
/home/clementc/Downloads/STM32Cube_FW_WL_V1.3.0/Middlewares/ST/STM32_Key_Management_Services/Modules/kms_sign_verify.c:473:11:KMS_SignInit	8	static
/home/clementc/Downloads/STM32Cube_FW_WL_V1.3.0/Middlewares/ST/STM32_Key_Management_Services/Modules/kms_sign_verify.c:511:11:KMS_Sign	40	static
/home/clementc/Downloads/STM32Cube_FW_WL_V1.3.0/Middlewares/ST/STM32_Key_Management_Services/Modules/kms_sign_verify.c:925:14:KMS_VerifyInit	8	static
/home/clementc/Downloads/STM32Cube_FW_WL_V1.3.0/Middlewares/ST/STM32_Key_Management_Services/Modules/kms_sign_verify.c:966:8:KMS_Verify	208	static
