/home/clementc/Downloads/STM32Cube_FW_WL_V1.3.0/Middlewares/ST/STM32_Key_Management_Services/Core/kms_objects.c:148:14:authenticate_blob_header.constprop	40	static
/home/clementc/Downloads/STM32Cube_FW_WL_V1.3.0/Middlewares/ST/STM32_Key_Management_Services/Core/kms_objects.c:397:8:read_next_chunk	24	static
/home/clementc/Downloads/STM32Cube_FW_WL_V1.3.0/Middlewares/ST/STM32_Key_Management_Services/Core/kms_objects.c:825:18:KMS_Objects_GetRange	16	static
/home/clementc/Downloads/STM32Cube_FW_WL_V1.3.0/Middlewares/ST/STM32_Key_Management_Services/Core/kms_objects.c:920:8:KMS_LockKeyHandle	20	static
/home/clementc/Downloads/STM32Cube_FW_WL_V1.3.0/Middlewares/ST/STM32_Key_Management_Services/Core/kms_objects.c:963:8:KMS_CheckKeyIsNotLocked	12	static
/home/clementc/Downloads/STM32Cube_FW_WL_V1.3.0/Middlewares/ST/STM32_Key_Management_Services/Core/kms_objects.c:760:20:KMS_Objects_GetPointer	24	static
/home/clementc/Downloads/STM32Cube_FW_WL_V1.3.0/Middlewares/ST/STM32_Key_Management_Services/Core/kms_objects.c:991:8:KMS_LockServiceFctId	20	static
/home/clementc/Downloads/STM32Cube_FW_WL_V1.3.0/Middlewares/ST/STM32_Key_Management_Services/Core/kms_objects.c:1034:8:KMS_CheckServiceFctIdIsNotLocked	12	static
/home/clementc/Downloads/STM32Cube_FW_WL_V1.3.0/Middlewares/ST/STM32_Key_Management_Services/Core/kms_objects.c:1065:7:KMS_FindAttributeInTemplate	12	static
/home/clementc/Downloads/STM32Cube_FW_WL_V1.3.0/Middlewares/ST/STM32_Key_Management_Services/Core/kms_objects.c:1280:7:KMS_Objects_SearchAttributes	12	static
/home/clementc/Downloads/STM32Cube_FW_WL_V1.3.0/Middlewares/ST/STM32_Key_Management_Services/Core/kms_objects.c:1103:7:KMS_FindObjectsFromTemplate	80	static
/home/clementc/Downloads/STM32Cube_FW_WL_V1.3.0/Middlewares/ST/STM32_Key_Management_Services/Core/kms_objects.c:1326:6:KMS_Objects_u8ptr_2_BlobU32	20	static
/home/clementc/Downloads/STM32Cube_FW_WL_V1.3.0/Middlewares/ST/STM32_Key_Management_Services/Core/kms_objects.c:1376:7:KMS_Objects_BlobU32_2_u8ptr	20	static
/home/clementc/Downloads/STM32Cube_FW_WL_V1.3.0/Middlewares/ST/STM32_Key_Management_Services/Core/kms_objects.c:1435:8:KMS_Objects_ImportBlob	144	static
/home/clementc/Downloads/STM32Cube_FW_WL_V1.3.0/Middlewares/ST/STM32_Key_Management_Services/Core/kms_objects.c:1514:7:KMS_Objects_LockKeys	16	static
/home/clementc/Downloads/STM32Cube_FW_WL_V1.3.0/Middlewares/ST/STM32_Key_Management_Services/Core/kms_objects.c:1539:7:KMS_Objects_LockServices	16	static
/home/clementc/Downloads/STM32Cube_FW_WL_V1.3.0/Middlewares/ST/STM32_Key_Management_Services/Core/kms_objects.c:1570:7:KMS_Objects_CreateNStoreBlobFromTemplates	48	static
/home/clementc/Downloads/STM32Cube_FW_WL_V1.3.0/Middlewares/ST/STM32_Key_Management_Services/Core/kms_objects.c:1676:7:KMS_Objects_CreateNStoreBlobForAES	80	static
/home/clementc/Downloads/STM32Cube_FW_WL_V1.3.0/Middlewares/ST/STM32_Key_Management_Services/Core/kms_objects.c:1750:7:KMS_Objects_CreateNStoreBlobForECCPair	112	static
