/home/clementc/Downloads/STM32Cube_FW_WL_V1.3.0/Middlewares/ST/STM32_Key_Management_Services/Core/kms_mem.c:209:13:mempool_init	24	static
/home/clementc/Downloads/STM32Cube_FW_WL_V1.3.0/Middlewares/ST/STM32_Key_Management_Services/Core/kms_mem.c:253:6:KMS_MemInit	8	static
/home/clementc/Downloads/STM32Cube_FW_WL_V1.3.0/Middlewares/ST/STM32_Key_Management_Services/Core/kms_mem.c:290:13:KMS_Alloc	24	static,ignoring_inline_asm
/home/clementc/Downloads/STM32Cube_FW_WL_V1.3.0/Middlewares/ST/STM32_Key_Management_Services/Core/kms_mem.c:355:6:KMS_Free	16	static
