/home/clementc/Downloads/STM32Cube_FW_WL_V1.3.0/Drivers/STM32WLxx_HAL_Driver/Src/stm32wlxx_hal_pka.c:480:13:HAL_PKA_MspInit	0	static
/home/clementc/Downloads/STM32Cube_FW_WL_V1.3.0/Drivers/STM32WLxx_HAL_Driver/Src/stm32wlxx_hal_pka.c:343:19:HAL_PKA_Init	16	static
/home/clementc/Downloads/STM32Cube_FW_WL_V1.3.0/Drivers/STM32WLxx_HAL_Driver/Src/stm32wlxx_hal_pka.c:495:13:HAL_PKA_MspDeInit	0	static
/home/clementc/Downloads/STM32Cube_FW_WL_V1.3.0/Drivers/STM32WLxx_HAL_Driver/Src/stm32wlxx_hal_pka.c:428:19:HAL_PKA_DeInit	16	static
/home/clementc/Downloads/STM32Cube_FW_WL_V1.3.0/Drivers/STM32WLxx_HAL_Driver/Src/stm32wlxx_hal_pka.c:955:10:HAL_PKA_ECDSAVerif_IsValidSignature	0	static
/home/clementc/Downloads/STM32Cube_FW_WL_V1.3.0/Drivers/STM32WLxx_HAL_Driver/Src/stm32wlxx_hal_pka.c:1044:10:HAL_PKA_PointCheck_IsOnCurve	0	static
/home/clementc/Downloads/STM32Cube_FW_WL_V1.3.0/Drivers/STM32WLxx_HAL_Driver/Src/stm32wlxx_hal_pka.c:1528:19:HAL_PKA_Abort	0	static
/home/clementc/Downloads/STM32Cube_FW_WL_V1.3.0/Drivers/STM32WLxx_HAL_Driver/Src/stm32wlxx_hal_pka.c:1554:6:HAL_PKA_RAMReset	8	static
/home/clementc/Downloads/STM32Cube_FW_WL_V1.3.0/Drivers/STM32WLxx_HAL_Driver/Src/stm32wlxx_hal_pka.c:1637:13:HAL_PKA_OperationCpltCallback	0	static
/home/clementc/Downloads/STM32Cube_FW_WL_V1.3.0/Drivers/STM32WLxx_HAL_Driver/Src/stm32wlxx_hal_pka.c:1652:13:HAL_PKA_ErrorCallback	0	static
/home/clementc/Downloads/STM32Cube_FW_WL_V1.3.0/Drivers/STM32WLxx_HAL_Driver/Src/stm32wlxx_hal_pka.c:1685:22:HAL_PKA_GetState	0	static
/home/clementc/Downloads/STM32Cube_FW_WL_V1.3.0/Drivers/STM32WLxx_HAL_Driver/Src/stm32wlxx_hal_pka.c:1696:10:HAL_PKA_GetError	0	static
/home/clementc/Downloads/STM32Cube_FW_WL_V1.3.0/Drivers/STM32WLxx_HAL_Driver/Src/stm32wlxx_hal_pka.c:1719:10:PKA_GetMode	0	static
/home/clementc/Downloads/STM32Cube_FW_WL_V1.3.0/Drivers/STM32WLxx_HAL_Driver/Src/stm32wlxx_hal_pka.c:1571:6:HAL_PKA_IRQHandler	16	static
/home/clementc/Downloads/STM32Cube_FW_WL_V1.3.0/Drivers/STM32WLxx_HAL_Driver/Src/stm32wlxx_hal_pka.c:1732:19:PKA_PollEndOfOperation	16	static
/home/clementc/Downloads/STM32Cube_FW_WL_V1.3.0/Drivers/STM32WLxx_HAL_Driver/Src/stm32wlxx_hal_pka.c:1755:10:PKA_CheckError	0	static
/home/clementc/Downloads/STM32Cube_FW_WL_V1.3.0/Drivers/STM32WLxx_HAL_Driver/Src/stm32wlxx_hal_pka.c:1789:10:PKA_GetBitSize_u8	0	static
/home/clementc/Downloads/STM32Cube_FW_WL_V1.3.0/Drivers/STM32WLxx_HAL_Driver/Src/stm32wlxx_hal_pka.c:1800:10:PKA_GetOptBitSize_u8	0	static
/home/clementc/Downloads/STM32Cube_FW_WL_V1.3.0/Drivers/STM32WLxx_HAL_Driver/Src/stm32wlxx_hal_pka.c:1852:10:PKA_GetBitSize_u32	0	static
/home/clementc/Downloads/STM32Cube_FW_WL_V1.3.0/Drivers/STM32WLxx_HAL_Driver/Src/stm32wlxx_hal_pka.c:1862:10:PKA_GetArraySize_u8	0	static
/home/clementc/Downloads/STM32Cube_FW_WL_V1.3.0/Drivers/STM32WLxx_HAL_Driver/Src/stm32wlxx_hal_pka.c:1877:6:PKA_Memcpy_u32_to_u8	20	static
/home/clementc/Downloads/STM32Cube_FW_WL_V1.3.0/Drivers/STM32WLxx_HAL_Driver/Src/stm32wlxx_hal_pka.c:848:6:HAL_PKA_ModExp_GetResult	0	static
/home/clementc/Downloads/STM32Cube_FW_WL_V1.3.0/Drivers/STM32WLxx_HAL_Driver/Src/stm32wlxx_hal_pka.c:998:6:HAL_PKA_RSACRTExp_GetResult	0	static
/home/clementc/Downloads/STM32Cube_FW_WL_V1.3.0/Drivers/STM32WLxx_HAL_Driver/Src/stm32wlxx_hal_pka.c:896:6:HAL_PKA_ECDSASign_GetResult	24	static
/home/clementc/Downloads/STM32Cube_FW_WL_V1.3.0/Drivers/STM32WLxx_HAL_Driver/Src/stm32wlxx_hal_pka.c:1117:6:HAL_PKA_ECCMul_GetResult	16	static
/home/clementc/Downloads/STM32Cube_FW_WL_V1.3.0/Drivers/STM32WLxx_HAL_Driver/Src/stm32wlxx_hal_pka.c:1927:6:PKA_Memcpy_u8_to_u32	20	static
/home/clementc/Downloads/STM32Cube_FW_WL_V1.3.0/Drivers/STM32WLxx_HAL_Driver/Src/stm32wlxx_hal_pka.c:1975:6:PKA_Memcpy_u32_to_u32	8	static
/home/clementc/Downloads/STM32Cube_FW_WL_V1.3.0/Drivers/STM32WLxx_HAL_Driver/Src/stm32wlxx_hal_pka.c:1417:6:HAL_PKA_Arithmetic_GetResult	0	static
/home/clementc/Downloads/STM32Cube_FW_WL_V1.3.0/Drivers/STM32WLxx_HAL_Driver/Src/stm32wlxx_hal_pka.c:1512:6:HAL_PKA_MontgomeryParam_GetResult	0	static
/home/clementc/Downloads/STM32Cube_FW_WL_V1.3.0/Drivers/STM32WLxx_HAL_Driver/Src/stm32wlxx_hal_pka.c:2000:19:PKA_Process	24	static
/home/clementc/Downloads/STM32Cube_FW_WL_V1.3.0/Drivers/STM32WLxx_HAL_Driver/Src/stm32wlxx_hal_pka.c:2063:19:PKA_Process_IT	0	static
/home/clementc/Downloads/STM32Cube_FW_WL_V1.3.0/Drivers/STM32WLxx_HAL_Driver/Src/stm32wlxx_hal_pka.c:2094:6:PKA_ModExp_Set	16	static
/home/clementc/Downloads/STM32Cube_FW_WL_V1.3.0/Drivers/STM32WLxx_HAL_Driver/Src/stm32wlxx_hal_pka.c:786:19:HAL_PKA_ModExp	16	static
/home/clementc/Downloads/STM32Cube_FW_WL_V1.3.0/Drivers/STM32WLxx_HAL_Driver/Src/stm32wlxx_hal_pka.c:801:19:HAL_PKA_ModExp_IT	8	static
/home/clementc/Downloads/STM32Cube_FW_WL_V1.3.0/Drivers/STM32WLxx_HAL_Driver/Src/stm32wlxx_hal_pka.c:2120:6:PKA_ModExpFastMode_Set	16	static
/home/clementc/Downloads/STM32Cube_FW_WL_V1.3.0/Drivers/STM32WLxx_HAL_Driver/Src/stm32wlxx_hal_pka.c:817:19:HAL_PKA_ModExpFastMode	16	static
/home/clementc/Downloads/STM32Cube_FW_WL_V1.3.0/Drivers/STM32WLxx_HAL_Driver/Src/stm32wlxx_hal_pka.c:832:19:HAL_PKA_ModExpFastMode_IT	8	static
/home/clementc/Downloads/STM32Cube_FW_WL_V1.3.0/Drivers/STM32WLxx_HAL_Driver/Src/stm32wlxx_hal_pka.c:2152:6:PKA_ECDSASign_Set	24	static
/home/clementc/Downloads/STM32Cube_FW_WL_V1.3.0/Drivers/STM32WLxx_HAL_Driver/Src/stm32wlxx_hal_pka.c:866:19:HAL_PKA_ECDSASign	16	static
/home/clementc/Downloads/STM32Cube_FW_WL_V1.3.0/Drivers/STM32WLxx_HAL_Driver/Src/stm32wlxx_hal_pka.c:881:19:HAL_PKA_ECDSASign_IT	8	static
/home/clementc/Downloads/STM32Cube_FW_WL_V1.3.0/Drivers/STM32WLxx_HAL_Driver/Src/stm32wlxx_hal_pka.c:2201:6:PKA_ECDSAVerif_Set	24	static
/home/clementc/Downloads/STM32Cube_FW_WL_V1.3.0/Drivers/STM32WLxx_HAL_Driver/Src/stm32wlxx_hal_pka.c:925:19:HAL_PKA_ECDSAVerif	16	static
/home/clementc/Downloads/STM32Cube_FW_WL_V1.3.0/Drivers/STM32WLxx_HAL_Driver/Src/stm32wlxx_hal_pka.c:941:19:HAL_PKA_ECDSAVerif_IT	8	static
/home/clementc/Downloads/STM32Cube_FW_WL_V1.3.0/Drivers/STM32WLxx_HAL_Driver/Src/stm32wlxx_hal_pka.c:2260:6:PKA_RSACRTExp_Set	16	static
/home/clementc/Downloads/STM32Cube_FW_WL_V1.3.0/Drivers/STM32WLxx_HAL_Driver/Src/stm32wlxx_hal_pka.c:968:19:HAL_PKA_RSACRTExp	16	static
/home/clementc/Downloads/STM32Cube_FW_WL_V1.3.0/Drivers/STM32WLxx_HAL_Driver/Src/stm32wlxx_hal_pka.c:983:19:HAL_PKA_RSACRTExp_IT	8	static
/home/clementc/Downloads/STM32Cube_FW_WL_V1.3.0/Drivers/STM32WLxx_HAL_Driver/Src/stm32wlxx_hal_pka.c:2295:6:PKA_PointCheck_Set	24	static
/home/clementc/Downloads/STM32Cube_FW_WL_V1.3.0/Drivers/STM32WLxx_HAL_Driver/Src/stm32wlxx_hal_pka.c:1015:19:HAL_PKA_PointCheck	16	static
/home/clementc/Downloads/STM32Cube_FW_WL_V1.3.0/Drivers/STM32WLxx_HAL_Driver/Src/stm32wlxx_hal_pka.c:1030:19:HAL_PKA_PointCheck_IT	8	static
/home/clementc/Downloads/STM32Cube_FW_WL_V1.3.0/Drivers/STM32WLxx_HAL_Driver/Src/stm32wlxx_hal_pka.c:2329:6:PKA_ECCMul_Set	24	static
/home/clementc/Downloads/STM32Cube_FW_WL_V1.3.0/Drivers/STM32WLxx_HAL_Driver/Src/stm32wlxx_hal_pka.c:1058:19:HAL_PKA_ECCMul	16	static
/home/clementc/Downloads/STM32Cube_FW_WL_V1.3.0/Drivers/STM32WLxx_HAL_Driver/Src/stm32wlxx_hal_pka.c:1073:19:HAL_PKA_ECCMul_IT	8	static
/home/clementc/Downloads/STM32Cube_FW_WL_V1.3.0/Drivers/STM32WLxx_HAL_Driver/Src/stm32wlxx_hal_pka.c:2369:6:PKA_ECCMulFastMode_Set	24	static
/home/clementc/Downloads/STM32Cube_FW_WL_V1.3.0/Drivers/STM32WLxx_HAL_Driver/Src/stm32wlxx_hal_pka.c:1088:19:HAL_PKA_ECCMulFastMode	16	static
/home/clementc/Downloads/STM32Cube_FW_WL_V1.3.0/Drivers/STM32WLxx_HAL_Driver/Src/stm32wlxx_hal_pka.c:1103:19:HAL_PKA_ECCMulFastMode_IT	8	static
/home/clementc/Downloads/STM32Cube_FW_WL_V1.3.0/Drivers/STM32WLxx_HAL_Driver/Src/stm32wlxx_hal_pka.c:2410:6:PKA_ModInv_Set	16	static
/home/clementc/Downloads/STM32Cube_FW_WL_V1.3.0/Drivers/STM32WLxx_HAL_Driver/Src/stm32wlxx_hal_pka.c:1295:19:HAL_PKA_ModInv	16	static
/home/clementc/Downloads/STM32Cube_FW_WL_V1.3.0/Drivers/STM32WLxx_HAL_Driver/Src/stm32wlxx_hal_pka.c:1310:19:HAL_PKA_ModInv_IT	8	static
/home/clementc/Downloads/STM32Cube_FW_WL_V1.3.0/Drivers/STM32WLxx_HAL_Driver/Src/stm32wlxx_hal_pka.c:2429:6:PKA_ModRed_Set	16	static
/home/clementc/Downloads/STM32Cube_FW_WL_V1.3.0/Drivers/STM32WLxx_HAL_Driver/Src/stm32wlxx_hal_pka.c:1357:19:HAL_PKA_ModRed	16	static
/home/clementc/Downloads/STM32Cube_FW_WL_V1.3.0/Drivers/STM32WLxx_HAL_Driver/Src/stm32wlxx_hal_pka.c:1372:19:HAL_PKA_ModRed_IT	8	static
/home/clementc/Downloads/STM32Cube_FW_WL_V1.3.0/Drivers/STM32WLxx_HAL_Driver/Src/stm32wlxx_hal_pka.c:2452:6:PKA_MontgomeryParam_Set	16	static
/home/clementc/Downloads/STM32Cube_FW_WL_V1.3.0/Drivers/STM32WLxx_HAL_Driver/Src/stm32wlxx_hal_pka.c:1481:19:HAL_PKA_MontgomeryParam	16	static
/home/clementc/Downloads/STM32Cube_FW_WL_V1.3.0/Drivers/STM32WLxx_HAL_Driver/Src/stm32wlxx_hal_pka.c:1496:19:HAL_PKA_MontgomeryParam_IT	8	static
/home/clementc/Downloads/STM32Cube_FW_WL_V1.3.0/Drivers/STM32WLxx_HAL_Driver/Src/stm32wlxx_hal_pka.c:2485:6:PKA_ARI_Set	24	static
/home/clementc/Downloads/STM32Cube_FW_WL_V1.3.0/Drivers/STM32WLxx_HAL_Driver/Src/stm32wlxx_hal_pka.c:1140:19:HAL_PKA_Add	24	static
/home/clementc/Downloads/STM32Cube_FW_WL_V1.3.0/Drivers/STM32WLxx_HAL_Driver/Src/stm32wlxx_hal_pka.c:1155:19:HAL_PKA_Add_IT	16	static
/home/clementc/Downloads/STM32Cube_FW_WL_V1.3.0/Drivers/STM32WLxx_HAL_Driver/Src/stm32wlxx_hal_pka.c:1171:19:HAL_PKA_Sub	24	static
/home/clementc/Downloads/STM32Cube_FW_WL_V1.3.0/Drivers/STM32WLxx_HAL_Driver/Src/stm32wlxx_hal_pka.c:1186:19:HAL_PKA_Sub_IT	16	static
/home/clementc/Downloads/STM32Cube_FW_WL_V1.3.0/Drivers/STM32WLxx_HAL_Driver/Src/stm32wlxx_hal_pka.c:1202:19:HAL_PKA_Mul	24	static
/home/clementc/Downloads/STM32Cube_FW_WL_V1.3.0/Drivers/STM32WLxx_HAL_Driver/Src/stm32wlxx_hal_pka.c:1217:19:HAL_PKA_Mul_IT	16	static
/home/clementc/Downloads/STM32Cube_FW_WL_V1.3.0/Drivers/STM32WLxx_HAL_Driver/Src/stm32wlxx_hal_pka.c:1233:19:HAL_PKA_Cmp	24	static
/home/clementc/Downloads/STM32Cube_FW_WL_V1.3.0/Drivers/STM32WLxx_HAL_Driver/Src/stm32wlxx_hal_pka.c:1248:19:HAL_PKA_Cmp_IT	16	static
/home/clementc/Downloads/STM32Cube_FW_WL_V1.3.0/Drivers/STM32WLxx_HAL_Driver/Src/stm32wlxx_hal_pka.c:1264:19:HAL_PKA_ModAdd	24	static
/home/clementc/Downloads/STM32Cube_FW_WL_V1.3.0/Drivers/STM32WLxx_HAL_Driver/Src/stm32wlxx_hal_pka.c:1279:19:HAL_PKA_ModAdd_IT	16	static
/home/clementc/Downloads/STM32Cube_FW_WL_V1.3.0/Drivers/STM32WLxx_HAL_Driver/Src/stm32wlxx_hal_pka.c:1326:19:HAL_PKA_ModSub	24	static
/home/clementc/Downloads/STM32Cube_FW_WL_V1.3.0/Drivers/STM32WLxx_HAL_Driver/Src/stm32wlxx_hal_pka.c:1341:19:HAL_PKA_ModSub_IT	16	static
/home/clementc/Downloads/STM32Cube_FW_WL_V1.3.0/Drivers/STM32WLxx_HAL_Driver/Src/stm32wlxx_hal_pka.c:1388:19:HAL_PKA_MontgomeryMul	24	static
/home/clementc/Downloads/STM32Cube_FW_WL_V1.3.0/Drivers/STM32WLxx_HAL_Driver/Src/stm32wlxx_hal_pka.c:1403:19:HAL_PKA_MontgomeryMul_IT	16	static
