../../../../../../../Drivers/CMSIS/Include/core_cm4.h:1933:34:__NVIC_SystemReset	0	static,ignoring_inline_asm
/home/clementc/Downloads/STM32Cube_FW_WL_V1.3.0/Projects/NUCLEO-WL55JC/Applications/LoRaWAN_FUOTA/1_Image_SECoreBin/Src/se_low_level.c:551:17:SE_LL_GetPage	0	static
/home/clementc/Downloads/STM32Cube_FW_WL_V1.3.0/Projects/NUCLEO-WL55JC/Applications/LoRaWAN_FUOTA/1_Image_SECoreBin/Src/se_low_level.c:85:16:SE_LL_CRC_Config	8	static
/home/clementc/Downloads/STM32Cube_FW_WL_V1.3.0/Projects/NUCLEO-WL55JC/Applications/LoRaWAN_FUOTA/1_Image_SECoreBin/Src/se_low_level.c:116:16:SE_LL_CRC_Init	8	static
/home/clementc/Downloads/STM32Cube_FW_WL_V1.3.0/Projects/NUCLEO-WL55JC/Applications/LoRaWAN_FUOTA/1_Image_SECoreBin/Src/se_low_level.c:129:16:SE_LL_CRC_DeInit	8	static
/home/clementc/Downloads/STM32Cube_FW_WL_V1.3.0/Projects/NUCLEO-WL55JC/Applications/LoRaWAN_FUOTA/1_Image_SECoreBin/Src/se_low_level.c:148:10:SE_LL_CRC_Calculate	0	static
/home/clementc/Downloads/STM32Cube_FW_WL_V1.3.0/Projects/NUCLEO-WL55JC/Applications/LoRaWAN_FUOTA/1_Image_SECoreBin/Src/se_low_level.c:167:16:SE_LL_FLASH_Erase	32	static
/home/clementc/Downloads/STM32Cube_FW_WL_V1.3.0/Projects/NUCLEO-WL55JC/Applications/LoRaWAN_FUOTA/1_Image_SECoreBin/Src/se_low_level.c:206:16:SE_LL_FLASH_Write	24	static
/home/clementc/Downloads/STM32Cube_FW_WL_V1.3.0/Projects/NUCLEO-WL55JC/Applications/LoRaWAN_FUOTA/1_Image_SECoreBin/Src/se_low_level.c:263:16:SE_LL_FLASH_Read	16	static
/home/clementc/Downloads/STM32Cube_FW_WL_V1.3.0/Projects/NUCLEO-WL55JC/Applications/LoRaWAN_FUOTA/1_Image_SECoreBin/Src/se_low_level.c:322:16:SE_LL_FLASH_EXT_Decrypt_Init	0	static
/home/clementc/Downloads/STM32Cube_FW_WL_V1.3.0/Projects/NUCLEO-WL55JC/Applications/LoRaWAN_FUOTA/1_Image_SECoreBin/Src/se_low_level.c:338:16:SE_LL_Buffer_in_ram	8	static
/home/clementc/Downloads/STM32Cube_FW_WL_V1.3.0/Projects/NUCLEO-WL55JC/Applications/LoRaWAN_FUOTA/1_Image_SECoreBin/Src/se_low_level.c:366:16:SE_LL_Buffer_in_SBSFU_ram	8	static
/home/clementc/Downloads/STM32Cube_FW_WL_V1.3.0/Projects/NUCLEO-WL55JC/Applications/LoRaWAN_FUOTA/1_Image_SECoreBin/Src/se_low_level.c:394:16:SE_LL_Buffer_part_of_SE_ram	8	static
/home/clementc/Downloads/STM32Cube_FW_WL_V1.3.0/Projects/NUCLEO-WL55JC/Applications/LoRaWAN_FUOTA/1_Image_SECoreBin/Src/se_low_level.c:423:16:SE_LL_Buffer_part_of_SE_rom	8	static
/home/clementc/Downloads/STM32Cube_FW_WL_V1.3.0/Projects/NUCLEO-WL55JC/Applications/LoRaWAN_FUOTA/1_Image_SECoreBin/Src/se_low_level.c:464:16:SE_LL_Lock_Keys	8	static
/home/clementc/Downloads/STM32Cube_FW_WL_V1.3.0/Projects/NUCLEO-WL55JC/Applications/LoRaWAN_FUOTA/1_Image_SECoreBin/Src/se_low_level.c:613:6:NMI_Handler	8	static,ignoring_inline_asm
/home/clementc/Downloads/STM32Cube_FW_WL_V1.3.0/Projects/NUCLEO-WL55JC/Applications/LoRaWAN_FUOTA/1_Image_SECoreBin/Src/se_low_level.c:679:6:HardFault_Handler	0	static
/home/clementc/Downloads/STM32Cube_FW_WL_V1.3.0/Projects/NUCLEO-WL55JC/Applications/LoRaWAN_FUOTA/1_Image_SECoreBin/Src/se_low_level.c:689:7:SE_LL_CORE_Cleanup	0	static
