/home/clementc/STM32CubeIDE/workspace_1.16.0/ml_libtest/Drivers/STM32WLxx_HAL_Driver/Src/stm32wlxx_hal_flash.c:178:19:HAL_FLASH_Program	40	static
/home/clementc/STM32CubeIDE/workspace_1.16.0/ml_libtest/Drivers/STM32WLxx_HAL_Driver/Src/stm32wlxx_hal_flash.c:246:19:HAL_FLASH_Program_IT	40	static
/home/clementc/STM32CubeIDE/workspace_1.16.0/ml_libtest/Drivers/STM32WLxx_HAL_Driver/Src/stm32wlxx_hal_flash.c:304:6:HAL_FLASH_IRQHandler	16	static
/home/clementc/STM32CubeIDE/workspace_1.16.0/ml_libtest/Drivers/STM32WLxx_HAL_Driver/Src/stm32wlxx_hal_flash.c:409:13:HAL_FLASH_EndOfOperationCallback	16	static
/home/clementc/STM32CubeIDE/workspace_1.16.0/ml_libtest/Drivers/STM32WLxx_HAL_Driver/Src/stm32wlxx_hal_flash.c:427:13:HAL_FLASH_OperationErrorCallback	16	static
/home/clementc/STM32CubeIDE/workspace_1.16.0/ml_libtest/Drivers/STM32WLxx_HAL_Driver/Src/stm32wlxx_hal_flash.c:460:19:HAL_FLASH_Unlock	16	static
/home/clementc/STM32CubeIDE/workspace_1.16.0/ml_libtest/Drivers/STM32WLxx_HAL_Driver/Src/stm32wlxx_hal_flash.c:484:19:HAL_FLASH_Lock	16	static
/home/clementc/STM32CubeIDE/workspace_1.16.0/ml_libtest/Drivers/STM32WLxx_HAL_Driver/Src/stm32wlxx_hal_flash.c:505:19:HAL_FLASH_OB_Unlock	16	static
/home/clementc/STM32CubeIDE/workspace_1.16.0/ml_libtest/Drivers/STM32WLxx_HAL_Driver/Src/stm32wlxx_hal_flash.c:530:19:HAL_FLASH_OB_Lock	16	static
/home/clementc/STM32CubeIDE/workspace_1.16.0/ml_libtest/Drivers/STM32WLxx_HAL_Driver/Src/stm32wlxx_hal_flash.c:551:19:HAL_FLASH_OB_Launch	8	static
/home/clementc/STM32CubeIDE/workspace_1.16.0/ml_libtest/Drivers/STM32WLxx_HAL_Driver/Src/stm32wlxx_hal_flash.c:595:10:HAL_FLASH_GetError	8	static
/home/clementc/STM32CubeIDE/workspace_1.16.0/ml_libtest/Drivers/STM32WLxx_HAL_Driver/Src/stm32wlxx_hal_flash.c:619:19:FLASH_WaitForLastOperation	24	static
/home/clementc/STM32CubeIDE/workspace_1.16.0/ml_libtest/Drivers/STM32WLxx_HAL_Driver/Src/stm32wlxx_hal_flash.c:682:13:FLASH_Program_DoubleWord	32	static,ignoring_inline_asm
/home/clementc/STM32CubeIDE/workspace_1.16.0/ml_libtest/Drivers/STM32WLxx_HAL_Driver/Src/stm32wlxx_hal_flash.c:710:24:FLASH_Program_Fast	40	static,ignoring_inline_asm
