/home/clementc/STM32CubeIDE/workspace_1.16.0/ml_libtest/Drivers/STM32WLxx_HAL_Driver/Src/stm32wlxx_hal.c:240:13:HAL_MspInit	0	static
/home/clementc/STM32CubeIDE/workspace_1.16.0/ml_libtest/Drivers/STM32WLxx_HAL_Driver/Src/stm32wlxx_hal.c:251:13:HAL_MspDeInit	0	static
/home/clementc/STM32CubeIDE/workspace_1.16.0/ml_libtest/Drivers/STM32WLxx_HAL_Driver/Src/stm32wlxx_hal.c:208:19:HAL_DeInit	8	static
/home/clementc/STM32CubeIDE/workspace_1.16.0/ml_libtest/Drivers/STM32WLxx_HAL_Driver/Src/stm32wlxx_hal.c:274:26:HAL_InitTick	16	static
/home/clementc/STM32CubeIDE/workspace_1.16.0/ml_libtest/Drivers/STM32WLxx_HAL_Driver/Src/stm32wlxx_hal.c:152:19:HAL_Init	8	static
/home/clementc/STM32CubeIDE/workspace_1.16.0/ml_libtest/Drivers/STM32WLxx_HAL_Driver/Src/stm32wlxx_hal.c:347:13:HAL_IncTick	0	static
/home/clementc/STM32CubeIDE/workspace_1.16.0/ml_libtest/Drivers/STM32WLxx_HAL_Driver/Src/stm32wlxx_hal.c:358:17:HAL_GetTick	0	static
/home/clementc/STM32CubeIDE/workspace_1.16.0/ml_libtest/Drivers/STM32WLxx_HAL_Driver/Src/stm32wlxx_hal.c:367:10:HAL_GetTickPrio	0	static
/home/clementc/STM32CubeIDE/workspace_1.16.0/ml_libtest/Drivers/STM32WLxx_HAL_Driver/Src/stm32wlxx_hal.c:376:19:HAL_SetTickFreq	16	static
/home/clementc/STM32CubeIDE/workspace_1.16.0/ml_libtest/Drivers/STM32WLxx_HAL_Driver/Src/stm32wlxx_hal.c:407:21:HAL_GetTickFreq	0	static
/home/clementc/STM32CubeIDE/workspace_1.16.0/ml_libtest/Drivers/STM32WLxx_HAL_Driver/Src/stm32wlxx_hal.c:423:13:HAL_Delay	16	static
/home/clementc/STM32CubeIDE/workspace_1.16.0/ml_libtest/Drivers/STM32WLxx_HAL_Driver/Src/stm32wlxx_hal.c:450:13:HAL_SuspendTick	0	static
/home/clementc/STM32CubeIDE/workspace_1.16.0/ml_libtest/Drivers/STM32WLxx_HAL_Driver/Src/stm32wlxx_hal.c:466:13:HAL_ResumeTick	0	static
/home/clementc/STM32CubeIDE/workspace_1.16.0/ml_libtest/Drivers/STM32WLxx_HAL_Driver/Src/stm32wlxx_hal.c:476:10:HAL_GetHalVersion	0	static
/home/clementc/STM32CubeIDE/workspace_1.16.0/ml_libtest/Drivers/STM32WLxx_HAL_Driver/Src/stm32wlxx_hal.c:506:10:HAL_GetUIDw0	0	static
/home/clementc/STM32CubeIDE/workspace_1.16.0/ml_libtest/Drivers/STM32WLxx_HAL_Driver/Src/stm32wlxx_hal.c:515:10:HAL_GetUIDw1	0	static
/home/clementc/STM32CubeIDE/workspace_1.16.0/ml_libtest/Drivers/STM32WLxx_HAL_Driver/Src/stm32wlxx_hal.c:524:10:HAL_GetUIDw2	0	static
/home/clementc/STM32CubeIDE/workspace_1.16.0/ml_libtest/Drivers/STM32WLxx_HAL_Driver/Src/stm32wlxx_hal.c:637:6:HAL_SYSCFG_SRAM2Erase	0	static
/home/clementc/STM32CubeIDE/workspace_1.16.0/ml_libtest/Drivers/STM32WLxx_HAL_Driver/Src/stm32wlxx_hal.c:657:6:HAL_SYSCFG_VREFBUF_VoltageScalingConfig	0	static
/home/clementc/STM32CubeIDE/workspace_1.16.0/ml_libtest/Drivers/STM32WLxx_HAL_Driver/Src/stm32wlxx_hal.c:688:6:HAL_SYSCFG_VREFBUF_HighImpedanceConfig	0	static
/home/clementc/STM32CubeIDE/workspace_1.16.0/ml_libtest/Drivers/STM32WLxx_HAL_Driver/Src/stm32wlxx_hal.c:709:6:HAL_SYSCFG_VREFBUF_TrimmingConfig	0	static
/home/clementc/STM32CubeIDE/workspace_1.16.0/ml_libtest/Drivers/STM32WLxx_HAL_Driver/Src/stm32wlxx_hal.c:722:19:HAL_SYSCFG_EnableVREFBUF	16	static
/home/clementc/STM32CubeIDE/workspace_1.16.0/ml_libtest/Drivers/STM32WLxx_HAL_Driver/Src/stm32wlxx_hal.c:748:6:HAL_SYSCFG_DisableVREFBUF	0	static
/home/clementc/STM32CubeIDE/workspace_1.16.0/ml_libtest/Drivers/STM32WLxx_HAL_Driver/Src/stm32wlxx_hal.c:758:6:HAL_SYSCFG_EnableIOAnalogSwitchBooster	0	static
/home/clementc/STM32CubeIDE/workspace_1.16.0/ml_libtest/Drivers/STM32WLxx_HAL_Driver/Src/stm32wlxx_hal.c:768:6:HAL_SYSCFG_DisableIOAnalogSwitchBooster	0	static
/home/clementc/STM32CubeIDE/workspace_1.16.0/ml_libtest/Drivers/STM32WLxx_HAL_Driver/Src/stm32wlxx_hal.c:782:6:HAL_SYSCFG_EnableIT	0	static
/home/clementc/STM32CubeIDE/workspace_1.16.0/ml_libtest/Drivers/STM32WLxx_HAL_Driver/Src/stm32wlxx_hal.c:808:6:HAL_SYSCFG_DisableIT	0	static
