Archive member included to satisfy reference by file (symbol)

/opt/st/stm32cubeide_1.16.0/plugins/com.st.stm32cube.ide.mcu.externaltools.gnu-tools-for-stm32.12.3.rel1.linux64_1.0.200.202406132123/tools/bin/../lib/gcc/arm-none-eabi/12.3.1/../../../../arm-none-eabi/lib/thumb/v7e-m/nofp/libc_nano.a(libc_a-exit.o)
                              /opt/st/stm32cubeide_1.16.0/plugins/com.st.stm32cube.ide.mcu.externaltools.gnu-tools-for-stm32.12.3.rel1.linux64_1.0.200.202406132123/tools/bin/../lib/gcc/arm-none-eabi/12.3.1/../../../../arm-none-eabi/lib/thumb/v7e-m/nofp/crt0.o (exit)
/opt/st/stm32cubeide_1.16.0/plugins/com.st.stm32cube.ide.mcu.externaltools.gnu-tools-for-stm32.12.3.rel1.linux64_1.0.200.202406132123/tools/bin/../lib/gcc/arm-none-eabi/12.3.1/../../../../arm-none-eabi/lib/thumb/v7e-m/nofp/libc_nano.a(libc_a-findfp.o)
                              /opt/st/stm32cubeide_1.16.0/plugins/com.st.stm32cube.ide.mcu.externaltools.gnu-tools-for-stm32.12.3.rel1.linux64_1.0.200.202406132123/tools/bin/../lib/gcc/arm-none-eabi/12.3.1/../../../../arm-none-eabi/lib/thumb/v7e-m/nofp/libc_nano.a(libc_a-exit.o) (__stdio_exit_handler)
/opt/st/stm32cubeide_1.16.0/plugins/com.st.stm32cube.ide.mcu.externaltools.gnu-tools-for-stm32.12.3.rel1.linux64_1.0.200.202406132123/tools/bin/../lib/gcc/arm-none-eabi/12.3.1/../../../../arm-none-eabi/lib/thumb/v7e-m/nofp/libc_nano.a(libc_a-fwalk.o)
                              /opt/st/stm32cubeide_1.16.0/plugins/com.st.stm32cube.ide.mcu.externaltools.gnu-tools-for-stm32.12.3.rel1.linux64_1.0.200.202406132123/tools/bin/../lib/gcc/arm-none-eabi/12.3.1/../../../../arm-none-eabi/lib/thumb/v7e-m/nofp/libc_nano.a(libc_a-findfp.o) (_fwalk_sglue)
/opt/st/stm32cubeide_1.16.0/plugins/com.st.stm32cube.ide.mcu.externaltools.gnu-tools-for-stm32.12.3.rel1.linux64_1.0.200.202406132123/tools/bin/../lib/gcc/arm-none-eabi/12.3.1/../../../../arm-none-eabi/lib/thumb/v7e-m/nofp/libc_nano.a(libc_a-stdio.o)
                              /opt/st/stm32cubeide_1.16.0/plugins/com.st.stm32cube.ide.mcu.externaltools.gnu-tools-for-stm32.12.3.rel1.linux64_1.0.200.202406132123/tools/bin/../lib/gcc/arm-none-eabi/12.3.1/../../../../arm-none-eabi/lib/thumb/v7e-m/nofp/libc_nano.a(libc_a-findfp.o) (__sread)
/opt/st/stm32cubeide_1.16.0/plugins/com.st.stm32cube.ide.mcu.externaltools.gnu-tools-for-stm32.12.3.rel1.linux64_1.0.200.202406132123/tools/bin/../lib/gcc/arm-none-eabi/12.3.1/../../../../arm-none-eabi/lib/thumb/v7e-m/nofp/libc_nano.a(libc_a-memcmp.o)
                              ./Application/User/nvms_low_level.o (memcmp)
/opt/st/stm32cubeide_1.16.0/plugins/com.st.stm32cube.ide.mcu.externaltools.gnu-tools-for-stm32.12.3.rel1.linux64_1.0.200.202406132123/tools/bin/../lib/gcc/arm-none-eabi/12.3.1/../../../../arm-none-eabi/lib/thumb/v7e-m/nofp/libc_nano.a(libc_a-memset.o)
                              /opt/st/stm32cubeide_1.16.0/plugins/com.st.stm32cube.ide.mcu.externaltools.gnu-tools-for-stm32.12.3.rel1.linux64_1.0.200.202406132123/tools/bin/../lib/gcc/arm-none-eabi/12.3.1/../../../../arm-none-eabi/lib/thumb/v7e-m/nofp/crt0.o (memset)
/opt/st/stm32cubeide_1.16.0/plugins/com.st.stm32cube.ide.mcu.externaltools.gnu-tools-for-stm32.12.3.rel1.linux64_1.0.200.202406132123/tools/bin/../lib/gcc/arm-none-eabi/12.3.1/../../../../arm-none-eabi/lib/thumb/v7e-m/nofp/libc_nano.a(libc_a-closer.o)
                              /opt/st/stm32cubeide_1.16.0/plugins/com.st.stm32cube.ide.mcu.externaltools.gnu-tools-for-stm32.12.3.rel1.linux64_1.0.200.202406132123/tools/bin/../lib/gcc/arm-none-eabi/12.3.1/../../../../arm-none-eabi/lib/thumb/v7e-m/nofp/libc_nano.a(libc_a-stdio.o) (_close_r)
/opt/st/stm32cubeide_1.16.0/plugins/com.st.stm32cube.ide.mcu.externaltools.gnu-tools-for-stm32.12.3.rel1.linux64_1.0.200.202406132123/tools/bin/../lib/gcc/arm-none-eabi/12.3.1/../../../../arm-none-eabi/lib/thumb/v7e-m/nofp/libc_nano.a(libc_a-reent.o)
                              /opt/st/stm32cubeide_1.16.0/plugins/com.st.stm32cube.ide.mcu.externaltools.gnu-tools-for-stm32.12.3.rel1.linux64_1.0.200.202406132123/tools/bin/../lib/gcc/arm-none-eabi/12.3.1/../../../../arm-none-eabi/lib/thumb/v7e-m/nofp/libc_nano.a(libc_a-closer.o) (errno)
/opt/st/stm32cubeide_1.16.0/plugins/com.st.stm32cube.ide.mcu.externaltools.gnu-tools-for-stm32.12.3.rel1.linux64_1.0.200.202406132123/tools/bin/../lib/gcc/arm-none-eabi/12.3.1/../../../../arm-none-eabi/lib/thumb/v7e-m/nofp/libc_nano.a(libc_a-impure.o)
                              /opt/st/stm32cubeide_1.16.0/plugins/com.st.stm32cube.ide.mcu.externaltools.gnu-tools-for-stm32.12.3.rel1.linux64_1.0.200.202406132123/tools/bin/../lib/gcc/arm-none-eabi/12.3.1/../../../../arm-none-eabi/lib/thumb/v7e-m/nofp/libc_nano.a(libc_a-reent.o) (_impure_ptr)
/opt/st/stm32cubeide_1.16.0/plugins/com.st.stm32cube.ide.mcu.externaltools.gnu-tools-for-stm32.12.3.rel1.linux64_1.0.200.202406132123/tools/bin/../lib/gcc/arm-none-eabi/12.3.1/../../../../arm-none-eabi/lib/thumb/v7e-m/nofp/libc_nano.a(libc_a-lseekr.o)
[...]
Memory Configuration

Name             Origin             Length             Attributes
INTVECT_ROM_region 0x08000000         0x00000200         xr
SE_CallGate_ROM_region 0x08000200         0x00000100         xr
SE_Key_region_ROM 0x08000300         0x00000300         xr
SE_Startup_ROM_region 0x08000600         0x00000100         xr
SE_ROM_region    0x08000200         0x00008500         xr
SE_Code_NoKey_ROM_region 0x08000700         0x00008000         xr
User_Key_region_ROM 0x08008400         0x00000300         xr
SE_IF_ROM_region 0x08008700         0x00000f00         xr
SB_ROM_region    0x08009600         0x00009a00         xr
SE_RAM_region    0x20000c00         0x00002800         xrw
SB_RAM_region    0x20003400         0x0000bc00         xrw
LW_NVM_region_RAM 0x2000f000         0x00001000         xrw
*default*        0x00000000         0xffffffff

Linker script and memory map

LOAD /opt/st/stm32cubeide_1.16.0/plugins/com.st.stm32cube.ide.mcu.externaltools.gnu-tools-for-stm32.12.3.rel1.linux64_1.0.200.202406132123/tools/bin/../lib/gcc/arm-none-eabi/12.3.1/thumb/v7e-m/nofp/crti.o
LOAD /opt/st/stm32cubeide_1.16.0/plugins/com.st.stm32cube.ide.mcu.externaltools.gnu-tools-for-stm32.12.3.rel1.linux64_1.0.200.202406132123/tools/bin/../lib/gcc/arm-none-eabi/12.3.1/thumb/v7e-m/nofp/crtbegin.o
LOAD /opt/st/stm32cubeide_1.16.0/plugins/com.st.stm32cube.ide.mcu.externaltools.gnu-tools-for-stm32.12.3.rel1.linux64_1.0.200.202406132123/tools/bin/../lib/gcc/arm-none-eabi/12.3.1/../../../../arm-none-eabi/lib/thumb/v7e-m/nofp/crt0.o
LOAD ./Application/Startup/data_init.o
LOAD ./Application/User/ca_low_level.o
LOAD ./Application/User/kms_low_level.o
LOAD ./Application/User/nvms_low_level.o
LOAD ./Application/User/se_low_level.o
LOAD ./Application/User/syscalls.o
LOAD ./Application/User/sysmem.o
LOAD ./Drivers/STM32WLxx_HAL_Driver/stm32wlxx_hal_crc.o
LOAD ./Drivers/STM32WLxx_HAL_Driver/stm32wlxx_hal_crc_ex.o
LOAD ./Drivers/STM32WLxx_HAL_Driver/stm32wlxx_hal_cryp.o
LOAD ./Drivers/STM32WLxx_HAL_Driver/stm32wlxx_hal_cryp_ex.o
LOAD ./Drivers/STM32WLxx_HAL_Driver/stm32wlxx_hal_flash.o
LOAD ./Drivers/STM32WLxx_HAL_Driver/stm32wlxx_hal_flash_ex.o
LOAD ./Drivers/STM32WLxx_HAL_Driver/stm32wlxx_hal_pka.o
LOAD ./Middlewares/STM32_Key_Management_Services/ca_core.o
LOAD ./Middlewares/STM32_Key_Management_Services/kms_counter.o
LOAD ./Middlewares/STM32_Key_Management_Services/kms_der_x962.o
LOAD ./Middlewares/STM32_Key_Management_Services/kms_digest.o
LOAD ./Middlewares/STM32_Key_Management_Services/kms_dyn_obj.o
LOAD ./Middlewares/STM32_Key_Management_Services/kms_ecc.o
LOAD ./Middlewares/STM32_Key_Management_Services/kms_enc_dec.o
LOAD ./Middlewares/STM32_Key_Management_Services/kms_entry.o
LOAD ./Middlewares/STM32_Key_Management_Services/kms_init.o
LOAD ./Middlewares/STM32_Key_Management_Services/kms_key_mgt.o
LOAD ./Middlewares/STM32_Key_Management_Services/kms_mem.o
LOAD ./Middlewares/STM32_Key_Management_Services/kms_nvm_storage.o
LOAD ./Middlewares/STM32_Key_Management_Services/kms_objects.o
LOAD ./Middlewares/STM32_Key_Management_Services/kms_platf_objects.o
LOAD ./Middlewares/STM32_Key_Management_Services/kms_sign_verify.o
LOAD ./Middlewares/STM32_Secure_Engine/se_callgate.o
LOAD ./Middlewares/STM32_Secure_Engine/se_exception.o
LOAD ./Middlewares/STM32_Secure_Engine/se_fwimg.o
LOAD ./Middlewares/STM32_Secure_Engine/se_startup.o
LOAD ./Middlewares/STM32_Secure_Engine/se_user_application.o
LOAD ./Middlewares/STM32_Secure_Engine/se_utils.o
LOAD ./Middlewares/Third_Party/mbed-crypto/sha256.o
START GROUP
LOAD /opt/st/stm32cubeide_1.16.0/plugins/com.st.stm32cube.ide.mcu.externaltools.gnu-tools-for-stm32.12.3.rel1.linux64_1.0.200.202406132123/tools/bin/../lib/gcc/arm-none-eabi/12.3.1/../../../../arm-none-eabi/lib/thumb/v7e-m/nofp/libc_nano.a
LOAD /opt/st/stm32cubeide_1.16.0/plugins/com.st.stm32cube.ide.mcu.externaltools.gnu-tools-for-stm32.12.3.rel1.linux64_1.0.200.202406132123/tools/bin/../lib/gcc/arm-none-eabi/12.3.1/../../../../arm-none-eabi/lib/thumb/v7e-m/nofp/libm.a
END GROUP
START GROUP
LOAD /opt/st/stm32cubeide_1.16.0/plugins/com.st.stm32cube.ide.mcu.externaltools.gnu-tools-for-stm32.12.3.rel1.linux64_1.0.200.202406132123/tools/bin/../lib/gcc/arm-none-eabi/12.3.1/thumb/v7e-m/nofp/libgcc.a
LOAD /opt/st/stm32cubeide_1.16.0/plugins/com.st.stm32cube.ide.mcu.externaltools.gnu-tools-for-stm32.12.3.rel1.linux64_1.0.200.202406132123/tools/bin/../lib/gcc/arm-none-eabi/12.3.1/../../../../arm-none-eabi/lib/thumb/v7e-m/nofp/libc_nano.a
END GROUP
START GROUP
LOAD /opt/st/stm32cubeide_1.16.0/plugins/com.st.stm32cube.ide.mcu.externaltools.gnu-tools-for-stm32.12.3.rel1.linux64_1.0.200.202406132123/tools/bin/../lib/gcc/arm-none-eabi/12.3.1/thumb/v7e-m/nofp/libgcc.a
LOAD /opt/st/stm32cubeide_1.16.0/plugins/com.st.stm32cube.ide.mcu.externaltools.gnu-tools-for-stm32.12.3.rel1.linux64_1.0.200.202406132123/tools/bin/../lib/gcc/arm-none-eabi/12.3.1/../../../../arm-none-eabi/lib/thumb/v7e-m/nofp/libc_nano.a
LOAD /opt/st/stm32cubeide_1.16.0/plugins/com.st.stm32cube.ide.mcu.externaltools.gnu-tools-for-stm32.12.3.rel1.linux64_1.0.200.202406132123/tools/bin/../lib/gcc/arm-none-eabi/12.3.1/../../../../arm-none-eabi/lib/thumb/v7e-m/nofp/libnosys.a
END GROUP
START GROUP
LOAD /opt/st/stm32cubeide_1.16.0/plugins/com.st.stm32cube.ide.mcu.externaltools.gnu-tools-for-stm32.12.3.rel1.linux64_1.0.200.202406132123/tools/bin/../lib/gcc/arm-none-eabi/12.3.1/thumb/v7e-m/nofp/libgcc.a
LOAD /opt/st/stm32cubeide_1.16.0/plugins/com.st.stm32cube.ide.mcu.externaltools.gnu-tools-for-stm32.12.3.rel1.linux64_1.0.200.202406132123/tools/bin/../lib/gcc/arm-none-eabi/12.3.1/../../../../arm-none-eabi/lib/thumb/v7e-m/nofp/libc_nano.a
LOAD /opt/st/stm32cubeide_1.16.0/plugins/com.st.stm32cube.ide.mcu.externaltools.gnu-tools-for-stm32.12.3.rel1.linux64_1.0.200.202406132123/tools/bin/../lib/gcc/arm-none-eabi/12.3.1/../../../../arm-none-eabi/lib/thumb/v7e-m/nofp/libnosys.a
END GROUP
LOAD /opt/st/stm32cubeide_1.16.0/plugins/com.st.stm32cube.ide.mcu.externaltools.gnu-tools-for-stm32.12.3.rel1.linux64_1.0.200.202406132123/tools/bin/../lib/gcc/arm-none-eabi/12.3.1/thumb/v7e-m/nofp/crtend.o
LOAD /opt/st/stm32cubeide_1.16.0/plugins/com.st.stm32cube.ide.mcu.externaltools.gnu-tools-for-stm32.12.3.rel1.linux64_1.0.200.202406132123/tools/bin/../lib/gcc/arm-none-eabi/12.3.1/thumb/v7e-m/nofp/crtn.o
                0x00000200                        _Min_Heap_Size = 0x200
                0x00000000                        _Min_Stack_Size = 0x0
                0x08015000                        SWAP_start = 0x8015000
                0x08015fff                        SWAP_end = 0x8015fff
                0x08016000                        SLOT_Dwl_1_start = 0x8016000
                0x08029fff                        SLOT_Dwl_1_end = 0x8029fff
                0x0802a000                        SLOT_Active_1_start = 0x802a000
                0x0803dfff                        SLOT_Active_1_end = 0x803dfff
                0x0802a000                        SLOT_Active_1_header = SLOT_Active_1_start
                0x0803f000                        LW_NVM_ROM_start__ = 0x803f000
                0x0803ffff                        LW_NWM_ROM_end__ = 0x803ffff
                0x00000000                        SLOT_Active_2_header = 0x0
                0x00000000                        SLOT_Active_2_start = 0x0
                0x00000000                        SLOT_Active_2_end = 0x0
                0x00000000                        SLOT_Active_3_header = 0x0
                0x00000000                        SLOT_Active_3_start = 0x0
                0x00000000                        SLOT_Active_3_end = 0x0
                0x00000000                        SLOT_Dwl_2_start = 0x0
                0x00000000                        SLOT_Dwl_2_end = 0x0
                0x00000000                        SLOT_Dwl_3_start = 0x0
                0x00000000                        SLOT_Dwl_3_end = 0x0
                0x08000000                        INTVECT_start = 0x8000000
                0x00000200                        Vector_size = 0x200
                0x08000200                        SE_Code_region_ROM_start = (INTVECT_start + Vector_size)
                0x08000200                        SE_CallGate_region_ROM_start = SE_Code_region_ROM_start
                0x080002ff                        SE_CallGate_region_ROM_end = (SE_Code_region_ROM_start + 0xff)
                0x08000300                        SE_Key_region_ROM_start = (SE_CallGate_region_ROM_end + 0x1)
                0x080005ff                        SE_Key_region_ROM_end = (SE_Key_region_ROM_start + 0x2ff)
                0x08000600                        SE_Startup_region_ROM_start = (SE_Key_region_ROM_end + 0x1)
                0x08000700                        SE_Code_NoKey_region_ROM_start = (SE_Startup_region_ROM_start + 0x100)
                0x080086ff                        SE_Code_region_ROM_end = (SE_Startup_region_ROM_start + 0x80ff)
                0x08008400                        User_Key_region_ROM_start = (SE_Code_region_ROM_end - 0x2ff)
                0x080086ff                        User_Key_region_ROM_end = SE_Code_region_ROM_end
                0x08008700                        SE_IF_region_ROM_start = (SE_Code_region_ROM_end + 0x1)
                0x080095ff                        SE_IF_region_ROM_end = (SE_IF_region_ROM_start + 0xeff)
                0x08009600                        SB_region_ROM_start = (SE_IF_region_ROM_end + 0x1)
                0x08012fff                        SB_region_ROM_end = 0x8012fff
                0x08013000                        KMS_DataStorage_start = 0x8013000
                0x08014fff                        KMS_DataStorage_end = 0x8014fff
                0x00000100                        SE_CallGate_region_ROM_size = ((SE_CallGate_region_ROM_end - SE_CallGate_region_ROM_start) + 0x1)
                0x00000300                        SE_Key_region_ROM_size = ((SE_Key_region_ROM_end - SE_Key_region_ROM_start) + 0x1)
                0x00000100                        SE_Startup_region_ROM_size = (SE_Code_NoKey_region_ROM_start - SE_Startup_region_ROM_start)
                0x00008500                        SE_Code_region_ROM_size = ((SE_Code_region_ROM_end - SE_Code_region_ROM_start) + 0x1)
                0x00008000                        SE_Code_NoKey_region_ROM_size = ((SE_Code_region_ROM_end - SE_Code_NoKey_region_ROM_start) + 0x1)
                0x00000300                        User_Key_region_ROM_size = ((User_Key_region_ROM_end - User_Key_region_ROM_start) + 0x1)
                0x00000f00                        SE_IF_region_ROM_size = ((SE_IF_region_ROM_end - SE_IF_region_ROM_start) + 0x1)
                0x00009a00                        SB_region_ROM_size = ((SB_region_ROM_end - SB_region_ROM_start) + 0x1)
                0x00002000                        KMS_DataStorage_size = ((KMS_DataStorage_end - KMS_DataStorage_start) + 0x1)
                0x20000000                        SE_region_RAM_start = 0x20000000
                0x20000c00                        SE_region_RAM_stack_top = 0x20000c00
                0x200033ff                        SE_region_RAM_end = 0x200033ff
                0x20003400                        SB_region_RAM_start = (SE_region_RAM_end + 0x1)
                0x2000efff                        SB_region_RAM_end = 0x2000efff
                0x2000f000                        LW_NVM_region_RAM_start = (SB_region_RAM_end + 0x1)
                0x2000ffff                        LW_NVM_region_RAM_end = 0x2000ffff
                0x00002800                        SE_region_RAM_size = ((SE_region_RAM_end - SE_region_RAM_stack_top) + 0x1)
                0x0000bc00                        SB_region_RAM_size = ((SB_region_RAM_end - SB_region_RAM_start) + 0x1)
                0x00001000                        LW_NVM_region_RAM_size = ((LW_NVM_region_RAM_end - LW_NVM_region_RAM_start) + 0x1)

.SE_CallGate_Code
                0x08000200       0xcc
                0x08000200        0x1 BYTE 0x0
                0x08000201        0x1 BYTE 0x0
                0x08000202        0x1 BYTE 0x0
                0x08000203        0x1 BYTE 0x0
 *(.SE_CallGate_Code)
 .SE_CallGate_Code
                0x08000204       0xc8 ./Middlewares/STM32_Secure_Engine/se_callgate.o
                0x08000204                SE_CallGate

.SE_embedded_Keys
                0x08000300      0x200
 *(.SE_embedded_Keys)
 .SE_embedded_Keys
                0x08000300      0x200 ./Middlewares/STM32_Key_Management_Services/kms_platf_objects.o

.SE_Startup_Code
                0x08000600       0x10
 *se_startup.o(.text .text*)
 .text          0x08000600        0x0 ./Middlewares/STM32_Secure_Engine/se_startup.o
 .text.SE_CORE_Startup
                0x08000600       0x10 ./Middlewares/STM32_Secure_Engine/se_startup.o
                0x08000600                SE_CORE_Startup

.text           0x08000700     0x6540
                0x08000700                        . = ALIGN (0x8)
 *(.text)
 .text          0x08000700       0x40 /opt/st/stm32cubeide_1.16.0/plugins/com.st.stm32cube.ide.mcu.externaltools.gnu-tools-for-stm32.12.3.rel1.linux64_1.0.200.202406132123/tools/bin/../lib/gcc/arm-none-eabi/12.3.1/thumb/v7e-m/nofp/crtbegin.o
 *(.text*)
 .text.LoopCopyDataInit
                0x08000740       0x44 ./Application/Startup/data_init.o
                0x08000740                LoopCopyDataInit
 .text.LoopFillZerobss
                0x08000784       0x38 ./Application/Startup/data_init.o
                0x08000784                LoopFillZerobss
 .text.__gcc_data_init
                0x080007bc        0xe ./Application/Startup/data_init.o
                0x080007bc                __gcc_data_init
 *fill*         0x080007ca        0x2 
 .text.HAL_CRYP_MspInit
                0x080007cc       0x30 ./Application/User/ca_low_level.o
                0x080007cc                HAL_CRYP_MspInit
 .text.HAL_CRYP_MspDeInit
                0x080007fc       0x24 ./Application/User/ca_low_level.o
                0x080007fc                HAL_CRYP_MspDeInit
 .text.HAL_PKA_MspInit
                0x08000820       0x30 ./Application/User/ca_low_level.o
                0x08000820                HAL_PKA_MspInit
 .text.HAL_PKA_MspDeInit
                0x08000850       0x24 ./Application/User/ca_low_level.o
                0x08000850                HAL_PKA_MspDeInit
 .text.KMS_LL_IsBufferInSecureEnclave
                0x08000874       0x40 ./Application/User/kms_low_level.o
                0x08000874                KMS_LL_IsBufferInSecureEnclave
 .text.KMS_LL_Initialize
                0x080008b4        0x4 ./Application/User/kms_low_level.o
                0x080008b4                KMS_LL_Initialize
 .text.KMS_LL_Finalize
                0x080008b8        0x4 ./Application/User/kms_low_level.o
                0x080008b8                KMS_LL_Finalize
 .text.KMS_LL_FLASH_Read
                0x080008bc       0x18 ./Application/User/kms_low_level.o
                0x080008bc                KMS_LL_FLASH_Read
 .text.KMS_LL_ReportError
                0x080008d4        0x2 ./Application/User/kms_low_level.o
                0x080008d4                KMS_LL_ReportError
 .text.NVMS_LL_Init
                0x080008d6        0x2 ./Application/User/nvms_low_level.o
                0x080008d6                NVMS_LL_Init
 .text.NVMS_LL_IsBlockErased
                0x080008d8       0x30 ./Application/User/nvms_low_level.o
                0x080008d8                NVMS_LL_IsBlockErased
 .text.NVMS_LL_BlockErase
                0x08000908       0x4c ./Application/User/nvms_low_level.o
                0x08000908                NVMS_LL_BlockErase
 .text.NVMS_LL_Write
                0x08000954       0x78 ./Application/User/nvms_low_level.o
                0x08000954                NVMS_LL_Write
 .text.__NVIC_SystemReset
                0x080009cc       0x24 ./Application/User/se_low_level.o
 .text.SE_LL_GetPage
                0x080009f0       0x28 ./Application/User/se_low_level.o
 .text.SE_LL_FLASH_Erase
                0x08000a18       0x54 ./Application/User/se_low_level.o
                0x08000a18                SE_LL_FLASH_Erase
 .text.SE_LL_FLASH_Write
                0x08000a6c       0x5c ./Application/User/se_low_level.o
                0x08000a6c                SE_LL_FLASH_Write
 .text.SE_LL_FLASH_Read
                0x08000ac8       0x78 ./Application/User/se_low_level.o
                0x08000ac8                SE_LL_FLASH_Read
 .text.SE_LL_Buffer_in_ram
                0x08000b40       0x2c ./Application/User/se_low_level.o
                0x08000b40                SE_LL_Buffer_in_ram
 .text.SE_LL_Buffer_in_SBSFU_ram
                0x08000b6c       0x2c ./Application/User/se_low_level.o
                0x08000b6c                SE_LL_Buffer_in_SBSFU_ram
 .text.SE_LL_Buffer_part_of_SE_ram
                0x08000b98       0x34 ./Application/User/se_low_level.o
                0x08000b98                SE_LL_Buffer_part_of_SE_ram
 .text.SE_LL_Buffer_part_of_SE_rom
                0x08000bcc       0x34 ./Application/User/se_low_level.o
                0x08000bcc                SE_LL_Buffer_part_of_SE_rom
 .text.SE_LL_Lock_Keys
                0x08000c00       0x6c ./Application/User/se_low_level.o
                0x08000c00                SE_LL_Lock_Keys
 .text.SE_LL_CORE_Cleanup
                0x08000c6c        0x2 ./Application/User/se_low_level.o
                0x08000c6c                SE_LL_CORE_Cleanup
 .text.CRYP_SetKey
                0x08000c6e       0x42 ./Drivers/STM32WLxx_HAL_Driver/stm32wlxx_hal_cryp.o
 .text.CRYP_WaitOnCCFlag
                0x08000cb0       0x2e ./Drivers/STM32WLxx_HAL_Driver/stm32wlxx_hal_cryp.o
 *fill*         0x08000cde        0x2 
 .text.CRYP_GCMCCM_SetHeaderPhase
                0x08000ce0      0x1f0 ./Drivers/STM32WLxx_HAL_Driver/stm32wlxx_hal_cryp.o
 .text.HAL_CRYP_Init
                0x08000ed0       0x46 ./Drivers/STM32WLxx_HAL_Driver/stm32wlxx_hal_cryp.o
                0x08000ed0                HAL_CRYP_Init
 .text.HAL_CRYP_DeInit
                0x08000f16       0x2e ./Drivers/STM32WLxx_HAL_Driver/stm32wlxx_hal_cryp.o
                0x08000f16                HAL_CRYP_DeInit
 .text.HAL_CRYP_ErrorCallback
                0x08000f44        0x2 ./Drivers/STM32WLxx_HAL_Driver/stm32wlxx_hal_cryp.o
                0x08000f44                HAL_CRYP_ErrorCallback
 .text.CRYP_AES_ProcessData
                0x08000f46       0xd2 ./Drivers/STM32WLxx_HAL_Driver/stm32wlxx_hal_cryp.o
 .text.CRYP_AESCCM_Process
                0x08001018      0x1ce ./Drivers/STM32WLxx_HAL_Driver/stm32wlxx_hal_cryp.o
 .text.CRYP_AESGCM_Process
                0x080011e6      0x1de ./Drivers/STM32WLxx_HAL_Driver/stm32wlxx_hal_cryp.o
 .text.HAL_CRYP_Encrypt
                0x080013c4      0x128 ./Drivers/STM32WLxx_HAL_Driver/stm32wlxx_hal_cryp.o
                0x080013c4                HAL_CRYP_Encrypt
 .text.HAL_CRYP_Decrypt
                0x080014ec      0x220 ./Drivers/STM32WLxx_HAL_Driver/stm32wlxx_hal_cryp.o
                0x080014ec                HAL_CRYP_Decrypt
 .text.HAL_CRYPEx_AESGCM_GenerateAuthTAG
                0x0800170c       0xf4 ./Drivers/STM32WLxx_HAL_Driver/stm32wlxx_hal_cryp_ex.o
                0x0800170c                HAL_CRYPEx_AESGCM_GenerateAuthTAG
 .text.FLASH_Program_Fast
                0x08001800       0x30 ./Drivers/STM32WLxx_HAL_Driver/stm32wlxx_hal_flash.o
 .text.HAL_FLASH_Unlock
                0x08001830       0x24 ./Drivers/STM32WLxx_HAL_Driver/stm32wlxx_hal_flash.o
                0x08001830                HAL_FLASH_Unlock
 .text.HAL_FLASH_Lock
                0x08001854       0x18 ./Drivers/STM32WLxx_HAL_Driver/stm32wlxx_hal_flash.o
                0x08001854                HAL_FLASH_Lock
 .text.FLASH_WaitForLastOperation
                0x0800186c       0x5c ./Drivers/STM32WLxx_HAL_Driver/stm32wlxx_hal_flash.o
                0x0800186c                FLASH_WaitForLastOperation
 .text.HAL_FLASH_Program
                0x080018c8       0x70 ./Drivers/STM32WLxx_HAL_Driver/stm32wlxx_hal_flash.o
                0x080018c8                HAL_FLASH_Program
 .text.FLASH_PageErase
                0x08001938       0x1c ./Drivers/STM32WLxx_HAL_Driver/stm32wlxx_hal_flash_ex.o
                0x08001938                FLASH_PageErase
 .text.HAL_FLASHEx_Erase
                0x08001954       0x9c ./Drivers/STM32WLxx_HAL_Driver/stm32wlxx_hal_flash_ex.o
                0x08001954                HAL_FLASHEx_Erase
 .text.HAL_PKA_Init
                0x080019f0       0x50 ./Drivers/STM32WLxx_HAL_Driver/stm32wlxx_hal_pka.o
                0x080019f0                HAL_PKA_Init
 .text.HAL_PKA_DeInit
                0x08001a40       0x28 ./Drivers/STM32WLxx_HAL_Driver/stm32wlxx_hal_pka.o
                0x08001a40                HAL_PKA_DeInit
 .text.HAL_PKA_ECDSAVerif_IsValidSignature
                0x08001a68        0xe ./Drivers/STM32WLxx_HAL_Driver/stm32wlxx_hal_pka.o
                0x08001a68                HAL_PKA_ECDSAVerif_IsValidSignature
 .text.PKA_PollEndOfOperation
                0x08001a76       0x2a ./Drivers/STM32WLxx_HAL_Driver/stm32wlxx_hal_pka.o
                0x08001a76                PKA_PollEndOfOperation
 .text.PKA_CheckError
                0x08001aa0       0x26 ./Drivers/STM32WLxx_HAL_Driver/stm32wlxx_hal_pka.o
                0x08001aa0                PKA_CheckError
 .text.PKA_GetOptBitSize_u8
                0x08001ac6       0x12 ./Drivers/STM32WLxx_HAL_Driver/stm32wlxx_hal_pka.o
                0x08001ac6                PKA_GetOptBitSize_u8
 .text.PKA_Memcpy_u8_to_u32
                0x08001ad8       0x84 ./Drivers/STM32WLxx_HAL_Driver/stm32wlxx_hal_pka.o
                0x08001ad8                PKA_Memcpy_u8_to_u32
 .text.PKA_Process
                0x08001b5c       0x84 ./Drivers/STM32WLxx_HAL_Driver/stm32wlxx_hal_pka.o
                0x08001b5c                PKA_Process
 .text.PKA_ECDSAVerif_Set
                0x08001be0      0x12a ./Drivers/STM32WLxx_HAL_Driver/stm32wlxx_hal_pka.o
                0x08001be0                PKA_ECDSAVerif_Set
 .text.HAL_PKA_ECDSAVerif
                0x08001d0a       0x18 ./Drivers/STM32WLxx_HAL_Driver/stm32wlxx_hal_pka.o
                0x08001d0a                HAL_PKA_ECDSAVerif
 .text.load_block
                0x08001d22       0x98 ./Middlewares/STM32_Key_Management_Services/ca_core.o
 .text.derive_subkey2
                0x08001dba       0x36 ./Middlewares/STM32_Key_Management_Services/ca_core.o
 .text.xor_key  0x08001df0       0x1c ./Middlewares/STM32_Key_Management_Services/ca_core.o
 .text.cleanup_handle
                0x08001e0c        0xa ./Middlewares/STM32_Key_Management_Services/ca_core.o
 .text.wrap_allocate_memory
                0x08001e16       0x20 ./Middlewares/STM32_Key_Management_Services/ca_core.o
                0x08001e16                wrap_allocate_memory
 .text.wrap_uint8_to_BigNum
                0x08001e36       0x8c ./Middlewares/STM32_Key_Management_Services/ca_core.o
                0x08001e36                wrap_uint8_to_BigNum
 .text.wrap_BigNum_to_uint8
                0x08001ec2       0x4a ./Middlewares/STM32_Key_Management_Services/ca_core.o
                0x08001ec2                wrap_BigNum_to_uint8
 .text.CMAC_compute
                0x08001f0c      0x1e4 ./Middlewares/STM32_Key_Management_Services/ca_core.o
                0x08001f0c                CMAC_compute
 .text.CA_AES_CBC_Encrypt_Init
                0x080020f0       0xf4 ./Middlewares/STM32_Key_Management_Services/ca_core.o
                0x080020f0                CA_AES_CBC_Encrypt_Init
 .text.CA_AES_CBC_Encrypt_Append
                0x080021e4       0x38 ./Middlewares/STM32_Key_Management_Services/ca_core.o
                0x080021e4                CA_AES_CBC_Encrypt_Append
 .text.CA_AES_CBC_Encrypt_Finish
                0x0800221c       0x20 ./Middlewares/STM32_Key_Management_Services/ca_core.o
                0x0800221c                CA_AES_CBC_Encrypt_Finish
 .text.CA_AES_CBC_Decrypt_Init
                0x0800223c       0xe8 ./Middlewares/STM32_Key_Management_Services/ca_core.o
                0x0800223c                CA_AES_CBC_Decrypt_Init
 .text.CA_AES_CBC_Decrypt_Append
                0x08002324       0x38 ./Middlewares/STM32_Key_Management_Services/ca_core.o
                0x08002324                CA_AES_CBC_Decrypt_Append
 .text.CA_AES_CBC_Decrypt_Finish
                0x0800235c        0x4 ./Middlewares/STM32_Key_Management_Services/ca_core.o
                0x0800235c                CA_AES_CBC_Decrypt_Finish
 .text.CA_AES_CMAC_Encrypt_Init
                0x08002360       0x2c ./Middlewares/STM32_Key_Management_Services/ca_core.o
                0x08002360                CA_AES_CMAC_Encrypt_Init
 .text.CA_AES_CMAC_Encrypt_Append
                0x0800238c       0x34 ./Middlewares/STM32_Key_Management_Services/ca_core.o
                0x0800238c                CA_AES_CMAC_Encrypt_Append
 .text.CA_AES_CMAC_Encrypt_Finish
                0x080023c0       0x26 ./Middlewares/STM32_Key_Management_Services/ca_core.o
                0x080023c0                CA_AES_CMAC_Encrypt_Finish
 .text.CA_AES_CMAC_Decrypt_Init
                0x080023e6       0x30 ./Middlewares/STM32_Key_Management_Services/ca_core.o
                0x080023e6                CA_AES_CMAC_Decrypt_Init
 .text.CA_AES_CMAC_Decrypt_Append
                0x08002416        0x4 ./Middlewares/STM32_Key_Management_Services/ca_core.o
                0x08002416                CA_AES_CMAC_Decrypt_Append
 .text.CA_AES_CMAC_Decrypt_Finish
                0x0800241a       0x2a ./Middlewares/STM32_Key_Management_Services/ca_core.o
                0x0800241a                CA_AES_CMAC_Decrypt_Finish
 .text.CA_AES_ECB_Encrypt_Init
                0x08002444       0xa8 ./Middlewares/STM32_Key_Management_Services/ca_core.o
                0x08002444                CA_AES_ECB_Encrypt_Init
 .text.CA_AES_ECB_Encrypt_Append
                0x080024ec       0x3c ./Middlewares/STM32_Key_Management_Services/ca_core.o
                0x080024ec                CA_AES_ECB_Encrypt_Append
 .text.CA_AES_ECB_Encrypt_Finish
                0x08002528        0x4 ./Middlewares/STM32_Key_Management_Services/ca_core.o
                0x08002528                CA_AES_ECB_Encrypt_Finish
 .text.CA_AES_ECB_Decrypt_Init
                0x0800252c        0x4 ./Middlewares/STM32_Key_Management_Services/ca_core.o
                0x0800252c                CA_AES_ECB_Decrypt_Init
 .text.CA_AES_ECB_Decrypt_Append
                0x08002530       0x3c ./Middlewares/STM32_Key_Management_Services/ca_core.o
                0x08002530                CA_AES_ECB_Decrypt_Append
 .text.CA_AES_ECB_Decrypt_Finish
                0x0800256c        0x4 ./Middlewares/STM32_Key_Management_Services/ca_core.o
                0x0800256c                CA_AES_ECB_Decrypt_Finish
 .text.CA_AES_GCM_Encrypt_Init
                0x08002570       0xec ./Middlewares/STM32_Key_Management_Services/ca_core.o
                0x08002570                CA_AES_GCM_Encrypt_Init
 .text.CA_AES_GCM_Encrypt_Append
                0x0800265c       0x72 ./Middlewares/STM32_Key_Management_Services/ca_core.o
                0x0800265c                CA_AES_GCM_Encrypt_Append
 .text.CA_AES_GCM_Encrypt_Finish
                0x080026ce       0x54 ./Middlewares/STM32_Key_Management_Services/ca_core.o
                0x080026ce                CA_AES_GCM_Encrypt_Finish
 *fill*         0x08002722        0x2 
 .text.CA_AES_GCM_Decrypt_Init
                0x08002724       0xec ./Middlewares/STM32_Key_Management_Services/ca_core.o
                0x08002724                CA_AES_GCM_Decrypt_Init
 .text.CA_AES_GCM_Decrypt_Append
                0x08002810       0x72 ./Middlewares/STM32_Key_Management_Services/ca_core.o
                0x08002810                CA_AES_GCM_Decrypt_Append
 .text.CA_AES_GCM_Decrypt_Finish
                0x08002882       0x6c ./Middlewares/STM32_Key_Management_Services/ca_core.o
                0x08002882                CA_AES_GCM_Decrypt_Finish
 .text.CA_AES_GCM_Header_Append
                0x080028ee       0x62 ./Middlewares/STM32_Key_Management_Services/ca_core.o
                0x080028ee                CA_AES_GCM_Header_Append
 .text.CA_SHA256_Init
                0x08002950       0x20 ./Middlewares/STM32_Key_Management_Services/ca_core.o
                0x08002950                CA_SHA256_Init
 .text.CA_SHA256_Append
                0x08002970       0x1c ./Middlewares/STM32_Key_Management_Services/ca_core.o
                0x08002970                CA_SHA256_Append
 .text.CA_SHA256_Finish
                0x0800298c       0x22 ./Middlewares/STM32_Key_Management_Services/ca_core.o
                0x0800298c                CA_SHA256_Finish
 .text.CA_ECCinitEC
                0x080029ae        0x4 ./Middlewares/STM32_Key_Management_Services/ca_core.o
                0x080029ae                CA_ECCinitEC
 .text.CA_ECCfreeEC
                0x080029b2        0x4 ./Middlewares/STM32_Key_Management_Services/ca_core.o
                0x080029b2                CA_ECCfreeEC
 .text.CA_ECCinitPoint
                0x080029b6       0x8a ./Middlewares/STM32_Key_Management_Services/ca_core.o
                0x080029b6                CA_ECCinitPoint
 .text.CA_ECCfreePoint
                0x08002a40        0x4 ./Middlewares/STM32_Key_Management_Services/ca_core.o
                0x08002a40                CA_ECCfreePoint
 .text.CA_ECCsetPointCoordinate
                0x08002a44       0x2a ./Middlewares/STM32_Key_Management_Services/ca_core.o
                0x08002a44                CA_ECCsetPointCoordinate
 *fill*         0x08002a6e        0x2 
 .text.CA_ECDSAinitSign
                0x08002a70       0x94 ./Middlewares/STM32_Key_Management_Services/ca_core.o
                0x08002a70                CA_ECDSAinitSign
 .text.CA_ECDSAfreeSign
                0x08002b04        0x4 ./Middlewares/STM32_Key_Management_Services/ca_core.o
                0x08002b04                CA_ECDSAfreeSign
 .text.CA_ECDSAsetSignature
                0x08002b08       0x2a ./Middlewares/STM32_Key_Management_Services/ca_core.o
                0x08002b08                CA_ECDSAsetSignature
 .text.CA_ECDSAverify
                0x08002b32      0x22c ./Middlewares/STM32_Key_Management_Services/ca_core.o
                0x08002b32                CA_ECDSAverify
 .text.CA_ECCvalidatePubKey
                0x08002d5e        0x4 ./Middlewares/STM32_Key_Management_Services/ca_core.o
                0x08002d5e                CA_ECCvalidatePubKey
 .text.CA_Init  0x08002d62        0x4 ./Middlewares/STM32_Key_Management_Services/ca_core.o
                0x08002d62                CA_Init
 .text.CA_DeInit
                0x08002d66        0x4 ./Middlewares/STM32_Key_Management_Services/ca_core.o
                0x08002d66                CA_DeInit
 *fill*         0x08002d6a        0x2 
 .text.KMS_CounterIncrement
                0x08002d6c      0x198 ./Middlewares/STM32_Key_Management_Services/kms_counter.o
                0x08002d6c                KMS_CounterIncrement
 .text.KMS_CounterGetValue
                0x08002f04       0x7c ./Middlewares/STM32_Key_Management_Services/kms_counter.o
                0x08002f04                KMS_CounterGetValue
 .text.KMS_DerX962_OctetStringDataOffset
                0x08002f80       0x22 ./Middlewares/STM32_Key_Management_Services/kms_der_x962.o
                0x08002f80                KMS_DerX962_OctetStringDataOffset
 .text.KMS_DerX962_ExtractPublicKeyCoord
                0x08002fa2       0x42 ./Middlewares/STM32_Key_Management_Services/kms_der_x962.o
                0x08002fa2                KMS_DerX962_ExtractPublicKeyCoord
 .text.KMS_DigestInit
                0x08002fe4       0x84 ./Middlewares/STM32_Key_Management_Services/kms_digest.o
                0x08002fe4                KMS_DigestInit
 .text.KMS_Digest
                0x08003068       0xb4 ./Middlewares/STM32_Key_Management_Services/kms_digest.o
                0x08003068                KMS_Digest
 .text.KMS_DigestUpdate
                0x0800311c       0x5c ./Middlewares/STM32_Key_Management_Services/kms_digest.o
                0x0800311c                KMS_DigestUpdate
 .text.KMS_DigestFinal
                0x08003178       0x94 ./Middlewares/STM32_Key_Management_Services/kms_digest.o
                0x08003178                KMS_DigestFinal
 .text.KMS_CreateObject
                0x0800320c       0xac ./Middlewares/STM32_Key_Management_Services/kms_dyn_obj.o
                0x0800320c                KMS_CreateObject
 .text.KMS_DestroyObject
                0x080032b8       0x64 ./Middlewares/STM32_Key_Management_Services/kms_dyn_obj.o
                0x080032b8                KMS_DestroyObject
 .text.KMS_GetAttributeValue
                0x0800331c      0x110 ./Middlewares/STM32_Key_Management_Services/kms_dyn_obj.o
                0x0800331c                KMS_GetAttributeValue
 .text.KMS_FindObjectsInit
                0x0800342c       0x94 ./Middlewares/STM32_Key_Management_Services/kms_dyn_obj.o
                0x0800342c                KMS_FindObjectsInit
 .text.KMS_FindObjects
                0x080034c0       0x70 ./Middlewares/STM32_Key_Management_Services/kms_dyn_obj.o
                0x080034c0                KMS_FindObjects
 .text.KMS_FindObjectsFinal
                0x08003530       0x44 ./Middlewares/STM32_Key_Management_Services/kms_dyn_obj.o
                0x08003530                KMS_FindObjectsFinal
 .text.KMS_ECC_LoadCurve
                0x08003574       0x70 ./Middlewares/STM32_Key_Management_Services/kms_ecc.o
                0x08003574                KMS_ECC_LoadCurve
 .text.encrypt_decrypt_init
                0x080035e4      0x2fc ./Middlewares/STM32_Key_Management_Services/kms_enc_dec.o
 .text.KMS_EncryptInit
                0x080038e0        0x6 ./Middlewares/STM32_Key_Management_Services/kms_enc_dec.o
                0x080038e0                KMS_EncryptInit
 *fill*         0x080038e6        0x2 
 .text.KMS_EncryptUpdate
                0x080038e8       0xe8 ./Middlewares/STM32_Key_Management_Services/kms_enc_dec.o
                0x080038e8                KMS_EncryptUpdate
 .text.KMS_Encrypt
                0x080039d0       0x38 ./Middlewares/STM32_Key_Management_Services/kms_enc_dec.o
                0x080039d0                KMS_Encrypt
 .text.KMS_EncryptFinal
                0x08003a08       0xcc ./Middlewares/STM32_Key_Management_Services/kms_enc_dec.o
                0x08003a08                KMS_EncryptFinal
 .text.KMS_DecryptInit
                0x08003ad4        0x6 ./Middlewares/STM32_Key_Management_Services/kms_enc_dec.o
                0x08003ad4                KMS_DecryptInit
 *fill*         0x08003ada        0x2 
 .text.KMS_DecryptUpdate
                0x08003adc      0x100 ./Middlewares/STM32_Key_Management_Services/kms_enc_dec.o
                0x08003adc                KMS_DecryptUpdate
 .text.KMS_Decrypt
                0x08003bdc       0x38 ./Middlewares/STM32_Key_Management_Services/kms_enc_dec.o
                0x08003bdc                KMS_Decrypt
 .text.KMS_DecryptFinal
                0x08003c14       0xc8 ./Middlewares/STM32_Key_Management_Services/kms_enc_dec.o
                0x08003c14                KMS_DecryptFinal
 .text.KMS_Entry_CheckMechanismContent
                0x08003cdc       0xd8 ./Middlewares/STM32_Key_Management_Services/kms_entry.o
 .text.KMS_Entry
                0x08003db4      0x924 ./Middlewares/STM32_Key_Management_Services/kms_entry.o
                0x08003db4                KMS_Entry
 .text.KMS_Initialize
                0x080046d8       0x74 ./Middlewares/STM32_Key_Management_Services/kms_init.o
                0x080046d8                KMS_Initialize
 .text.KMS_Finalize
                0x0800474c       0x38 ./Middlewares/STM32_Key_Management_Services/kms_init.o
                0x0800474c                KMS_Finalize
 .text.KMS_OpenSession
                0x08004784       0x64 ./Middlewares/STM32_Key_Management_Services/kms_init.o
                0x08004784                KMS_OpenSession
 .text.KMS_CheckSessionHdle
                0x080047e8       0x24 ./Middlewares/STM32_Key_Management_Services/kms_init.o
                0x080047e8                KMS_CheckSessionHdle
 .text.KMS_CloseSession
                0x0800480c       0x48 ./Middlewares/STM32_Key_Management_Services/kms_init.o
                0x0800480c                KMS_CloseSession
 .text.KMS_SetStateIdle
                0x08004854       0x14 ./Middlewares/STM32_Key_Management_Services/kms_init.o
                0x08004854                KMS_SetStateIdle
 .text.KMS_GetMechanismInfo
                0x08004868       0x84 ./Middlewares/STM32_Key_Management_Services/kms_init.o
                0x08004868                KMS_GetMechanismInfo
 .text.KMS_DeriveKey
                0x080048ec      0x168 ./Middlewares/STM32_Key_Management_Services/kms_key_mgt.o
                0x080048ec                KMS_DeriveKey
 .text.mempool_init
                0x08004a54       0x4c ./Middlewares/STM32_Key_Management_Services/kms_mem.o
 .text.KMS_MemInit
                0x08004aa0       0x54 ./Middlewares/STM32_Key_Management_Services/kms_mem.o
                0x08004aa0                KMS_MemInit
 .text.KMS_Alloc
                0x08004af4       0x48 ./Middlewares/STM32_Key_Management_Services/kms_mem.o
                0x08004af4                KMS_Alloc
 .text.KMS_Free
                0x08004b3c       0x98 ./Middlewares/STM32_Key_Management_Services/kms_mem.o
                0x08004b3c                KMS_Free
 .text.reset    0x08004bd4       0x20 ./Middlewares/STM32_Key_Management_Services/kms_nvm_storage.o
 .text.null_callback
                0x08004bf4        0x2 ./Middlewares/STM32_Key_Management_Services/kms_nvm_storage.o
 *fill*         0x08004bf6        0x2 
 .text.use_slot_callback
                0x08004bf8       0x10 ./Middlewares/STM32_Key_Management_Services/kms_nvm_storage.o
 .text.use_end_callback
                0x08004c08        0xc ./Middlewares/STM32_Key_Management_Services/kms_nvm_storage.o
 .text.block_erase
                0x08004c14       0x10 ./Middlewares/STM32_Key_Management_Services/kms_nvm_storage.o
 .text.validate
                0x08004c24       0x68 ./Middlewares/STM32_Key_Management_Services/kms_nvm_storage.o
 .text.check_slot_instance
                0x08004c8c       0x8c ./Middlewares/STM32_Key_Management_Services/kms_nvm_storage.o
 .text.scan_slots
                0x08004d18       0x78 ./Middlewares/STM32_Key_Management_Services/kms_nvm_storage.o
 .text.use      0x08004d90       0x88 ./Middlewares/STM32_Key_Management_Services/kms_nvm_storage.o
 .text.copy_slots
                0x08004e18      0x110 ./Middlewares/STM32_Key_Management_Services/kms_nvm_storage.o
 .text.garbage_collect
                0x08004f28       0x64 ./Middlewares/STM32_Key_Management_Services/kms_nvm_storage.o
 .text.append_slot
                0x08004f8c       0x98 ./Middlewares/STM32_Key_Management_Services/kms_nvm_storage.o
 .text.NVMS_Init
                0x08005024      0x224 ./Middlewares/STM32_Key_Management_Services/kms_nvm_storage.o
                0x08005024                NVMS_Init
 .text.NVMS_Deinit
                0x08005248        0x4 ./Middlewares/STM32_Key_Management_Services/kms_nvm_storage.o
                0x08005248                NVMS_Deinit
 .text.NVMS_WriteDataWithType
                0x0800524c       0xbc ./Middlewares/STM32_Key_Management_Services/kms_nvm_storage.o
                0x0800524c                NVMS_WriteDataWithType
 .text.NVMS_EraseData
                0x08005308       0x98 ./Middlewares/STM32_Key_Management_Services/kms_nvm_storage.o
                0x08005308                NVMS_EraseData
 .text.NVMS_GetDataWithType
                0x080053a0       0x3c ./Middlewares/STM32_Key_Management_Services/kms_nvm_storage.o
                0x080053a0                NVMS_GetDataWithType
 .text.authenticate_blob_header.constprop.0
                0x080053dc       0xb2 ./Middlewares/STM32_Key_Management_Services/kms_objects.o
 .text.read_next_chunk
                0x0800548e       0x2a ./Middlewares/STM32_Key_Management_Services/kms_objects.o
                0x0800548e                read_next_chunk
 .text.KMS_Objects_GetRange
                0x080054b8       0x54 ./Middlewares/STM32_Key_Management_Services/kms_objects.o
                0x080054b8                KMS_Objects_GetRange
 .text.KMS_LockKeyHandle
                0x0800550c       0x3c ./Middlewares/STM32_Key_Management_Services/kms_objects.o
                0x0800550c                KMS_LockKeyHandle
 .text.KMS_CheckKeyIsNotLocked
                0x08005548       0x2c ./Middlewares/STM32_Key_Management_Services/kms_objects.o
                0x08005548                KMS_CheckKeyIsNotLocked
 .text.KMS_Objects_GetPointer
                0x08005574       0x76 ./Middlewares/STM32_Key_Management_Services/kms_objects.o
                0x08005574                KMS_Objects_GetPointer
 *fill*         0x080055ea        0x2 
 .text.KMS_LockServiceFctId
                0x080055ec       0x40 ./Middlewares/STM32_Key_Management_Services/kms_objects.o
                0x080055ec                KMS_LockServiceFctId
 .text.KMS_CheckServiceFctIdIsNotLocked
                0x0800562c       0x2c ./Middlewares/STM32_Key_Management_Services/kms_objects.o
                0x0800562c                KMS_CheckServiceFctIdIsNotLocked
 .text.KMS_FindAttributeInTemplate
                0x08005658       0x28 ./Middlewares/STM32_Key_Management_Services/kms_objects.o
                0x08005658                KMS_FindAttributeInTemplate
 .text.KMS_Objects_SearchAttributes
                0x08005680       0x34 ./Middlewares/STM32_Key_Management_Services/kms_objects.o
                0x08005680                KMS_Objects_SearchAttributes
 .text.KMS_FindObjectsFromTemplate
                0x080056b4       0xd8 ./Middlewares/STM32_Key_Management_Services/kms_objects.o
                0x080056b4                KMS_FindObjectsFromTemplate
 .text.KMS_Objects_u8ptr_2_BlobU32
                0x0800578c       0x6e ./Middlewares/STM32_Key_Management_Services/kms_objects.o
                0x0800578c                KMS_Objects_u8ptr_2_BlobU32
 .text.KMS_Objects_BlobU32_2_u8ptr
                0x080057fa       0x7e ./Middlewares/STM32_Key_Management_Services/kms_objects.o
                0x080057fa                KMS_Objects_BlobU32_2_u8ptr
 .text.KMS_Objects_ImportBlob
                0x08005878      0x3dc ./Middlewares/STM32_Key_Management_Services/kms_objects.o
                0x08005878                KMS_Objects_ImportBlob
 .text.KMS_Objects_LockKeys
                0x08005c54       0x22 ./Middlewares/STM32_Key_Management_Services/kms_objects.o
                0x08005c54                KMS_Objects_LockKeys
 .text.KMS_Objects_LockServices
                0x08005c76       0x22 ./Middlewares/STM32_Key_Management_Services/kms_objects.o
                0x08005c76                KMS_Objects_LockServices
 .text.KMS_Objects_CreateNStoreBlobFromTemplates
                0x08005c98      0x144 ./Middlewares/STM32_Key_Management_Services/kms_objects.o
                0x08005c98                KMS_Objects_CreateNStoreBlobFromTemplates
 .text.KMS_Objects_CreateNStoreBlobForAES
                0x08005ddc       0x94 ./Middlewares/STM32_Key_Management_Services/kms_objects.o
                0x08005ddc                KMS_Objects_CreateNStoreBlobForAES
 .text.KMS_PlatfObjects_NvmStaticObjectList
                0x08005e70       0x30 ./Middlewares/STM32_Key_Management_Services/kms_platf_objects.o
 .text.KMS_PlatfObjects_NvmDynamicObjectList
                0x08005ea0       0x30 ./Middlewares/STM32_Key_Management_Services/kms_platf_objects.o
 .text.KMS_PlatfObjects_EmbeddedRange
                0x08005ed0        0xa ./Middlewares/STM32_Key_Management_Services/kms_platf_objects.o
                0x08005ed0                KMS_PlatfObjects_EmbeddedRange
 *fill*         0x08005eda        0x2 
 .text.KMS_PlatfObjects_EmbeddedObject
                0x08005edc       0x10 ./Middlewares/STM32_Key_Management_Services/kms_platf_objects.o
                0x08005edc                KMS_PlatfObjects_EmbeddedObject
 .text.KMS_PlatfObjects_NvmStaticRange
                0x08005eec        0xa ./Middlewares/STM32_Key_Management_Services/kms_platf_objects.o
                0x08005eec                KMS_PlatfObjects_NvmStaticRange
 *fill*         0x08005ef6        0x2 
 .text.KMS_PlatfObjects_NvmStaticObject
                0x08005ef8       0x10 ./Middlewares/STM32_Key_Management_Services/kms_platf_objects.o
                0x08005ef8                KMS_PlatfObjects_NvmStaticObject
 .text.KMS_PlatfObjects_NvmDynamicRange
                0x08005f08        0xa ./Middlewares/STM32_Key_Management_Services/kms_platf_objects.o
                0x08005f08                KMS_PlatfObjects_NvmDynamicRange
 *fill*         0x08005f12        0x2 
 .text.KMS_PlatfObjects_NvmDynamicObject
                0x08005f14       0x10 ./Middlewares/STM32_Key_Management_Services/kms_platf_objects.o
                0x08005f14                KMS_PlatfObjects_NvmDynamicObject
 .text.KMS_PlatfObjects_Init
                0x08005f24       0x20 ./Middlewares/STM32_Key_Management_Services/kms_platf_objects.o
                0x08005f24                KMS_PlatfObjects_Init
 .text.KMS_PlatfObjects_Finalize
                0x08005f44       0x14 ./Middlewares/STM32_Key_Management_Services/kms_platf_objects.o
                0x08005f44                KMS_PlatfObjects_Finalize
 .text.KMS_PlatfObjects_NvmStoreObject
                0x08005f58       0x32 ./Middlewares/STM32_Key_Management_Services/kms_platf_objects.o
                0x08005f58                KMS_PlatfObjects_NvmStoreObject
 *fill*         0x08005f8a        0x2 
 .text.KMS_PlatfObjects_AllocateAndStore
                0x08005f8c       0x48 ./Middlewares/STM32_Key_Management_Services/kms_platf_objects.o
                0x08005f8c                KMS_PlatfObjects_AllocateAndStore
 .text.KMS_PlatfObjects_NvmRemoveObject
                0x08005fd4       0x26 ./Middlewares/STM32_Key_Management_Services/kms_platf_objects.o
                0x08005fd4                KMS_PlatfObjects_NvmRemoveObject
 .text.KMS_PlatfObjects_GetBlobVerifyKey
                0x08005ffa        0x4 ./Middlewares/STM32_Key_Management_Services/kms_platf_objects.o
                0x08005ffa                KMS_PlatfObjects_GetBlobVerifyKey
 .text.KMS_PlatfObjects_GetBlobDecryptKey
                0x08005ffe        0x4 ./Middlewares/STM32_Key_Management_Services/kms_platf_objects.o
                0x08005ffe                KMS_PlatfObjects_GetBlobDecryptKey
 *fill*         0x08006002        0x2 
 .text.sign_verify_init
                0x08006004      0x190 ./Middlewares/STM32_Key_Management_Services/kms_sign_verify.o
 .text.KMS_SignInit
                0x08006194       0x20 ./Middlewares/STM32_Key_Management_Services/kms_sign_verify.o
                0x08006194                KMS_SignInit
 .text.KMS_Sign
                0x080061b4       0xd4 ./Middlewares/STM32_Key_Management_Services/kms_sign_verify.o
                0x080061b4                KMS_Sign
 .text.KMS_VerifyInit
                0x08006288       0x20 ./Middlewares/STM32_Key_Management_Services/kms_sign_verify.o
                0x08006288                KMS_VerifyInit
 .text.KMS_Verify
                0x080062a8      0x2c8 ./Middlewares/STM32_Key_Management_Services/kms_sign_verify.o
                0x080062a8                KMS_Verify
 .text.__NVIC_SystemReset
                0x08006570       0x24 ./Middlewares/STM32_Secure_Engine/se_callgate.o
 .text.SE_CallGateService
                0x08006594      0x1a4 ./Middlewares/STM32_Secure_Engine/se_callgate.o
                0x08006594                SE_CallGateService
 .text.SE_IMG_Write
                0x08006738       0x2c ./Middlewares/STM32_Secure_Engine/se_fwimg.o
                0x08006738                SE_IMG_Write
 .text.SE_IMG_Read
                0x08006764       0x2c ./Middlewares/STM32_Secure_Engine/se_fwimg.o
                0x08006764                SE_IMG_Read
 .text.SE_IMG_Erase
                0x08006790       0x2c ./Middlewares/STM32_Secure_Engine/se_fwimg.o
                0x08006790                SE_IMG_Erase
 .text.SE_APPLI_GetActiveFwInfo
                0x080067bc       0x3c ./Middlewares/STM32_Secure_Engine/se_user_application.o
                0x080067bc                SE_APPLI_GetActiveFwInfo
 .text.SE_SetSystemCoreClock
                0x080067f8        0xc ./Middlewares/STM32_Secure_Engine/se_utils.o
                0x080067f8                SE_SetSystemCoreClock
 .text.HAL_GetTick
                0x08006804       0x54 ./Middlewares/STM32_Secure_Engine/se_utils.o
                0x08006804                HAL_GetTick
 .text.mbedtls_sha256_init
                0x08006858        0x8 ./Middlewares/Third_Party/mbed-crypto/sha256.o
                0x08006858                mbedtls_sha256_init
 .text.mbedtls_sha256_starts_ret
                0x08006860       0xc4 ./Middlewares/Third_Party/mbed-crypto/sha256.o
                0x08006860                mbedtls_sha256_starts_ret
 .text.mbedtls_internal_sha256_process
                0x08006924      0x140 ./Middlewares/Third_Party/mbed-crypto/sha256.o
                0x08006924                mbedtls_internal_sha256_process
 .text.mbedtls_sha256_update_ret
                0x08006a64       0x72 ./Middlewares/Third_Party/mbed-crypto/sha256.o
                0x08006a64                mbedtls_sha256_update_ret
 .text.mbedtls_sha256_finish_ret
                0x08006ad6      0x106 ./Middlewares/Third_Party/mbed-crypto/sha256.o
                0x08006ad6                mbedtls_sha256_finish_ret
 .text.memcmp   0x08006bdc       0x20 /opt/st/stm32cubeide_1.16.0/plugins/com.st.stm32cube.ide.mcu.externaltools.gnu-tools-for-stm32.12.3.rel1.linux64_1.0.200.202406132123/tools/bin/../lib/gcc/arm-none-eabi/12.3.1/../../../../arm-none-eabi/lib/thumb/v7e-m/nofp/libc_nano.a(libc_a-memcmp.o)
                0x08006bdc                memcmp
 .text.memset   0x08006bfc       0x10 /opt/st/stm32cubeide_1.16.0/plugins/com.st.stm32cube.ide.mcu.externaltools.gnu-tools-for-stm32.12.3.rel1.linux64_1.0.200.202406132123/tools/bin/../lib/gcc/arm-none-eabi/12.3.1/../../../../arm-none-eabi/lib/thumb/v7e-m/nofp/libc_nano.a(libc_a-memset.o)
                0x08006bfc                memset
 .text.memcpy   0x08006c0c       0x1c /opt/st/stm32cubeide_1.16.0/plugins/com.st.stm32cube.ide.mcu.externaltools.gnu-tools-for-stm32.12.3.rel1.linux64_1.0.200.202406132123/tools/bin/../lib/gcc/arm-none-eabi/12.3.1/../../../../arm-none-eabi/lib/thumb/v7e-m/nofp/libc_nano.a(libc_a-memcpy-stub.o)
                0x08006c0c                memcpy
 *(.glue_7)
 .glue_7        0x08006c28        0x0 linker stubs
 *(.glue_7t)
 .glue_7t       0x08006c28        0x0 linker stubs
 *(.eh_frame)
 .eh_frame      0x08006c28        0x0 /opt/st/stm32cubeide_1.16.0/plugins/com.st.stm32cube.ide.mcu.externaltools.gnu-tools-for-stm32.12.3.rel1.linux64_1.0.200.202406132123/tools/bin/../lib/gcc/arm-none-eabi/12.3.1/thumb/v7e-m/nofp/crtbegin.o
 *(.init)
 .init          0x08006c28        0x4 /opt/st/stm32cubeide_1.16.0/plugins/com.st.stm32cube.ide.mcu.externaltools.gnu-tools-for-stm32.12.3.rel1.linux64_1.0.200.202406132123/tools/bin/../lib/gcc/arm-none-eabi/12.3.1/thumb/v7e-m/nofp/crti.o
                0x08006c28                _init
 .init          0x08006c2c        0x8 /opt/st/stm32cubeide_1.16.0/plugins/com.st.stm32cube.ide.mcu.externaltools.gnu-tools-for-stm32.12.3.rel1.linux64_1.0.200.202406132123/tools/bin/../lib/gcc/arm-none-eabi/12.3.1/thumb/v7e-m/nofp/crtn.o
 *(.fini)
 .fini          0x08006c34        0x4 /opt/st/stm32cubeide_1.16.0/plugins/com.st.stm32cube.ide.mcu.externaltools.gnu-tools-for-stm32.12.3.rel1.linux64_1.0.200.202406132123/tools/bin/../lib/gcc/arm-none-eabi/12.3.1/thumb/v7e-m/nofp/crti.o
                0x08006c34                _fini
 .fini          0x08006c38        0x8 /opt/st/stm32cubeide_1.16.0/plugins/com.st.stm32cube.ide.mcu.externaltools.gnu-tools-for-stm32.12.3.rel1.linux64_1.0.200.202406132123/tools/bin/../lib/gcc/arm-none-eabi/12.3.1/thumb/v7e-m/nofp/crtn.o
                0x08006c40                        . = ALIGN (0x8)
                0x08006c40                        _etext = .

.vfp11_veneer   0x08006c40        0x0
 .vfp11_veneer  0x08006c40        0x0 linker stubs

.v4_bx          0x08006c40        0x0
 .v4_bx         0x08006c40        0x0 linker stubs

.iplt           0x08006c40        0x0
 .iplt          0x08006c40        0x0 /opt/st/stm32cubeide_1.16.0/plugins/com.st.stm32cube.ide.mcu.externaltools.gnu-tools-for-stm32.12.3.rel1.linux64_1.0.200.202406132123/tools/bin/../lib/gcc/arm-none-eabi/12.3.1/thumb/v7e-m/nofp/crtbegin.o

.rodata         0x08006c40      0x290
                0x08006c40                        . = ALIGN (0x8)
 *(.rodata)
 .rodata        0x08006c40       0x30 ./Drivers/STM32WLxx_HAL_Driver/stm32wlxx_hal_cryp.o
 *(.rodata*)
 .rodata.SlotHeaderAdd
                0x08006c70       0x10 ./Application/User/se_low_level.o
                0x08006c70                SlotHeaderAdd
 .rodata.P_256_Gy.0
                0x08006c80       0x20 ./Middlewares/STM32_Key_Management_Services/kms_ecc.o
 .rodata.P_256_Gx.1
                0x08006ca0       0x20 ./Middlewares/STM32_Key_Management_Services/kms_ecc.o
 .rodata.P_256_n.2
                0x08006cc0       0x20 ./Middlewares/STM32_Key_Management_Services/kms_ecc.o
 .rodata.P_256_p.3
                0x08006ce0       0x20 ./Middlewares/STM32_Key_Management_Services/kms_ecc.o
 .rodata.P_256_b.4
                0x08006d00       0x20 ./Middlewares/STM32_Key_Management_Services/kms_ecc.o
 .rodata.P_256_a.5
                0x08006d20       0x20 ./Middlewares/STM32_Key_Management_Services/kms_ecc.o
 .rodata.ref_secp256r1.6
                0x08006d40        0xa ./Middlewares/STM32_Key_Management_Services/kms_ecc.o
 *fill*         0x08006d4a        0x2 
 .rodata.kms_mem_pool_tab
                0x08006d4c       0x18 ./Middlewares/STM32_Key_Management_Services/kms_mem.o
                0x08006d4c                kms_mem_pool_tab
 .rodata.normalizedFooter
                0x08006d64       0x10 ./Middlewares/STM32_Key_Management_Services/kms_mem.o
 .rodata.normalizedHeader
                0x08006d74        0x8 ./Middlewares/STM32_Key_Management_Services/kms_mem.o
 .rodata.KMS_PlatfObjects_EmbeddedList
                0x08006d7c       0x50 ./Middlewares/STM32_Key_Management_Services/kms_platf_objects.o
 .rodata.K      0x08006dcc      0x100 ./Middlewares/Third_Party/mbed-crypto/sha256.o
                0x08006ed0                        . = ALIGN (0x8)
 *fill*         0x08006ecc        0x4 

.ARM.extab      0x08006ed0        0x0
                0x08006ed0                        . = ALIGN (0x8)
 *(.ARM.extab* .gnu.linkonce.armextab.*)
                0x08006ed0                        . = ALIGN (0x8)

.ARM            0x08006ed0        0x0
                0x08006ed0                        . = ALIGN (0x8)
                0x08006ed0                        __exidx_start = .
 *(.ARM.exidx*)
                0x08006ed0                        __exidx_end = .
                0x08006ed0                        . = ALIGN (0x8)

.preinit_array  0x08006ed0        0x0
                0x08006ed0                        . = ALIGN (0x8)
                0x08006ed0                        PROVIDE (__preinit_array_start = .)
 *(.preinit_array*)
                0x08006ed0                        PROVIDE (__preinit_array_end = .)
                0x08006ed0                        . = ALIGN (0x8)

.init_array     0x08006ed0        0x8
                0x08006ed0                        . = ALIGN (0x8)
                0x08006ed0                        PROVIDE (__init_array_start = .)
 *(SORT_BY_NAME(.init_array.*))
 *(.init_array*)
 .init_array    0x08006ed0        0x4 /opt/st/stm32cubeide_1.16.0/plugins/com.st.stm32cube.ide.mcu.externaltools.gnu-tools-for-stm32.12.3.rel1.linux64_1.0.200.202406132123/tools/bin/../lib/gcc/arm-none-eabi/12.3.1/thumb/v7e-m/nofp/crtbegin.o
                0x08006ed4                        PROVIDE (__init_array_end = .)
                0x08006ed8                        . = ALIGN (0x8)
 *fill*         0x08006ed4        0x4 

.fini_array     0x08006ed8        0x8
                0x08006ed8                        . = ALIGN (0x8)
                [!provide]                        PROVIDE (__fini_array_start = .)
 *(SORT_BY_NAME(.fini_array.*))
 *(.fini_array*)
 .fini_array    0x08006ed8        0x4 /opt/st/stm32cubeide_1.16.0/plugins/com.st.stm32cube.ide.mcu.externaltools.gnu-tools-for-stm32.12.3.rel1.linux64_1.0.200.202406132123/tools/bin/../lib/gcc/arm-none-eabi/12.3.1/thumb/v7e-m/nofp/crtbegin.o
                [!provide]                        PROVIDE (__fini_array_end = .)
                0x08006ee0                        . = ALIGN (0x8)
 *fill*         0x08006edc        0x4 

.USER_embedded_Keys
                0x08008400      0x258
                0x08008400                        . = ALIGN (0x8)
 *(.USER_embedded_Keys)
 .USER_embedded_Keys
                0x08008400      0x258 ./Middlewares/STM32_Key_Management_Services/kms_platf_objects.o
                0x08008658                        . = ALIGN (0x8)
                0x08006ee0                        _sidata = LOADADDR (.data)

.rel.dyn        0x08008658        0x0
 .rel.iplt      0x08008658        0x0 /opt/st/stm32cubeide_1.16.0/plugins/com.st.stm32cube.ide.mcu.externaltools.gnu-tools-for-stm32.12.3.rel1.linux64_1.0.200.202406132123/tools/bin/../lib/gcc/arm-none-eabi/12.3.1/thumb/v7e-m/nofp/crtbegin.o

.data           0x20000c00       0x10 load address 0x08006ee0
                0x20000c00                        . = ALIGN (0x8)
                0x20000c00                        _sdata = .
 *(.data)
 *(.data*)
 .data.vCKK_AES.4
                0x20000c00        0x4 ./Middlewares/STM32_Key_Management_Services/kms_objects.o
 .data.vCKO_SECRET_KEY.5
                0x20000c04        0x4 ./Middlewares/STM32_Key_Management_Services/kms_objects.o
 .data.SE_LockRestrictedServices.0
                0x20000c08        0x4 ./Middlewares/STM32_Secure_Engine/se_callgate.o
                0x20000c10                        . = ALIGN (0x8)
 *fill*         0x20000c0c        0x4 
                0x20000c10                        _edata = .

.igot.plt       0x20000c10        0x0 load address 0x08006ef0
 .igot.plt      0x20000c10        0x0 /opt/st/stm32cubeide_1.16.0/plugins/com.st.stm32cube.ide.mcu.externaltools.gnu-tools-for-stm32.12.3.rel1.linux64_1.0.200.202406132123/tools/bin/../lib/gcc/arm-none-eabi/12.3.1/thumb/v7e-m/nofp/crtbegin.o
                0x20000c10                        . = ALIGN (0x8)

.bss            0x20000c10     0x2480 load address 0x08006ef0
                0x20000c10                        _sbss = .
                0x20000c10                        __bss_start__ = _sbss
 *(.bss)
 .bss           0x20000c10       0x1c /opt/st/stm32cubeide_1.16.0/plugins/com.st.stm32cube.ide.mcu.externaltools.gnu-tools-for-stm32.12.3.rel1.linux64_1.0.200.202406132123/tools/bin/../lib/gcc/arm-none-eabi/12.3.1/thumb/v7e-m/nofp/crtbegin.o
 *(.bss*)
 .bss.SE_DoubleECC_Error_Counter
                0x20000c2c        0x4 ./Application/User/se_low_level.o
 .bss.pFlash    0x20000c30       0x18 ./Drivers/STM32WLxx_HAL_Driver/stm32wlxx_hal_flash.o
                0x20000c30                pFlash
 .bss.KMS_Manager
                0x20000c48      0x170 ./Middlewares/STM32_Key_Management_Services/kms_init.o
                0x20000c48                KMS_Manager
 .bss.kms_mem_pool
                0x20000db8     0x2138 ./Middlewares/STM32_Key_Management_Services/kms_mem.o
                0x20000db8                kms_mem_pool
 .bss.nvm       0x20002ef0       0xb0 ./Middlewares/STM32_Key_Management_Services/kms_nvm_storage.o
 .bss.kms_locked_function_id_index
                0x20002fa0        0x4 ./Middlewares/STM32_Key_Management_Services/kms_objects.o
 .bss.kms_locked_function_id
                0x20002fa4        0x8 ./Middlewares/STM32_Key_Management_Services/kms_objects.o
 .bss.kms_locked_key_index
                0x20002fac        0x4 ./Middlewares/STM32_Key_Management_Services/kms_objects.o
 .bss.kms_locked_key_handles
                0x20002fb0       0x28 ./Middlewares/STM32_Key_Management_Services/kms_objects.o
 .bss.KMS_PlatfObjects_NvmDynamicList
                0x20002fd8       0x50 ./Middlewares/STM32_Key_Management_Services/kms_platf_objects.o
 .bss.KMS_PlatfObjects_NvmStaticList
                0x20003028       0x50 ./Middlewares/STM32_Key_Management_Services/kms_platf_objects.o
 .bss.kms_platf_nvm_initialisation_done
                0x20003078        0x4 ./Middlewares/STM32_Key_Management_Services/kms_platf_objects.o
 .bss.m_uTick.0
                0x2000307c        0x4 ./Middlewares/STM32_Secure_Engine/se_utils.o
 .bss.tdelta.1  0x20003080        0x4 ./Middlewares/STM32_Secure_Engine/se_utils.o
 .bss.t1.2      0x20003084        0x4 ./Middlewares/STM32_Secure_Engine/se_utils.o
 .bss.m_uSE_SystemCoreClock
                0x20003088        0x4 ./Middlewares/STM32_Secure_Engine/se_utils.o
 *(COMMON)
                0x20003090                        . = ALIGN (0x8)
 *fill*         0x2000308c        0x4 
                0x20003090                        _ebss = .
                0x20003090                        __bss_end__ = _ebss

._user_heap_stack
                0x20003090      0x200 load address 0x08006ef0
                0x20003090                        . = ALIGN (0x8)
                [!provide]                        PROVIDE (end = .)
                0x20003090                        PROVIDE (_end = .)
                0x20003290                        . = (. + _Min_Heap_Size)
 *fill*         0x20003090      0x200 
                0x20003290                        . = (. + _Min_Stack_Size)
                0x20003290                        . = ALIGN (0x8)

/DISCARD/
 libc.a(*)
 libm.a(*)
 libgcc.a(*)

.ARM.attributes
                0x00000000       0x2a
 *(.ARM.attributes)
 .ARM.attributes
                0x00000000       0x1e /opt/st/stm32cubeide_1.16.0/plugins/com.st.stm32cube.ide.mcu.externaltools.gnu-tools-for-stm32.12.3.rel1.linux64_1.0.200.202406132123/tools/bin/../lib/gcc/arm-none-eabi/12.3.1/thumb/v7e-m/nofp/crti.o
 .ARM.attributes
                0x0000001e       0x2e /opt/st/stm32cubeide_1.16.0/plugins/com.st.stm32cube.ide.mcu.externaltools.gnu-tools-for-stm32.12.3.rel1.linux64_1.0.200.202406132123/tools/bin/../lib/gcc/arm-none-eabi/12.3.1/thumb/v7e-m/nofp/crtbegin.o
 .ARM.attributes
                0x0000004c       0x2e ./Application/Startup/data_init.o
 .ARM.attributes
                0x0000007a       0x2e ./Application/User/ca_low_level.o
 .ARM.attributes
                0x000000a8       0x2e ./Application/User/kms_low_level.o
 .ARM.attributes
                0x000000d6       0x2e ./Application/User/nvms_low_level.o
 .ARM.attributes
                0x00000104       0x2e ./Application/User/se_low_level.o
 .ARM.attributes
                0x00000132       0x2e ./Drivers/STM32WLxx_HAL_Driver/stm32wlxx_hal_cryp.o
 .ARM.attributes
                0x00000160       0x2e ./Drivers/STM32WLxx_HAL_Driver/stm32wlxx_hal_cryp_ex.o
 .ARM.attributes
                0x0000018e       0x2e ./Drivers/STM32WLxx_HAL_Driver/stm32wlxx_hal_flash.o
 .ARM.attributes
                0x000001bc       0x2e ./Drivers/STM32WLxx_HAL_Driver/stm32wlxx_hal_flash_ex.o
 .ARM.attributes
                0x000001ea       0x2e ./Drivers/STM32WLxx_HAL_Driver/stm32wlxx_hal_pka.o
 .ARM.attributes
                0x00000218       0x2e ./Middlewares/STM32_Key_Management_Services/ca_core.o
 .ARM.attributes
                0x00000246       0x2e ./Middlewares/STM32_Key_Management_Services/kms_counter.o
 .ARM.attributes
                0x00000274       0x2e ./Middlewares/STM32_Key_Management_Services/kms_der_x962.o
 .ARM.attributes
                0x000002a2       0x2e ./Middlewares/STM32_Key_Management_Services/kms_digest.o
 .ARM.attributes
                0x000002d0       0x2e ./Middlewares/STM32_Key_Management_Services/kms_dyn_obj.o
 .ARM.attributes
                0x000002fe       0x2e ./Middlewares/STM32_Key_Management_Services/kms_ecc.o
 .ARM.attributes
                0x0000032c       0x2e ./Middlewares/STM32_Key_Management_Services/kms_enc_dec.o
 .ARM.attributes
                0x0000035a       0x2e ./Middlewares/STM32_Key_Management_Services/kms_entry.o
 .ARM.attributes
                0x00000388       0x2e ./Middlewares/STM32_Key_Management_Services/kms_init.o
 .ARM.attributes
                0x000003b6       0x2e ./Middlewares/STM32_Key_Management_Services/kms_key_mgt.o
 .ARM.attributes
                0x000003e4       0x2e ./Middlewares/STM32_Key_Management_Services/kms_mem.o
 .ARM.attributes
                0x00000412       0x2e ./Middlewares/STM32_Key_Management_Services/kms_nvm_storage.o
 .ARM.attributes
                0x00000440       0x2e ./Middlewares/STM32_Key_Management_Services/kms_objects.o
 .ARM.attributes
                0x0000046e       0x2e ./Middlewares/STM32_Key_Management_Services/kms_platf_objects.o
 .ARM.attributes
                0x0000049c       0x2e ./Middlewares/STM32_Key_Management_Services/kms_sign_verify.o
 .ARM.attributes
                0x000004ca       0x2e ./Middlewares/STM32_Secure_Engine/se_callgate.o
 .ARM.attributes
                0x000004f8       0x2e ./Middlewares/STM32_Secure_Engine/se_fwimg.o
 .ARM.attributes
                0x00000526       0x2e ./Middlewares/STM32_Secure_Engine/se_startup.o
 .ARM.attributes
                0x00000554       0x2e ./Middlewares/STM32_Secure_Engine/se_user_application.o
 .ARM.attributes
                0x00000582       0x2e ./Middlewares/STM32_Secure_Engine/se_utils.o
 .ARM.attributes
                0x000005b0       0x2e ./Middlewares/Third_Party/mbed-crypto/sha256.o
 .ARM.attributes
                0x000005de       0x2e /opt/st/stm32cubeide_1.16.0/plugins/com.st.stm32cube.ide.mcu.externaltools.gnu-tools-for-stm32.12.3.rel1.linux64_1.0.200.202406132123/tools/bin/../lib/gcc/arm-none-eabi/12.3.1/../../../../arm-none-eabi/lib/thumb/v7e-m/nofp/libc_nano.a(libc_a-memcmp.o)
 .ARM.attributes
                0x0000060c       0x2e /opt/st/stm32cubeide_1.16.0/plugins/com.st.stm32cube.ide.mcu.externaltools.gnu-tools-for-stm32.12.3.rel1.linux64_1.0.200.202406132123/tools/bin/../lib/gcc/arm-none-eabi/12.3.1/../../../../arm-none-eabi/lib/thumb/v7e-m/nofp/libc_nano.a(libc_a-memset.o)
 .ARM.attributes
                0x0000063a       0x2e /opt/st/stm32cubeide_1.16.0/plugins/com.st.stm32cube.ide.mcu.externaltools.gnu-tools-for-stm32.12.3.rel1.linux64_1.0.200.202406132123/tools/bin/../lib/gcc/arm-none-eabi/12.3.1/../../../../arm-none-eabi/lib/thumb/v7e-m/nofp/libc_nano.a(libc_a-memcpy-stub.o)
 .ARM.attributes
                0x00000668       0x1e /opt/st/stm32cubeide_1.16.0/plugins/com.st.stm32cube.ide.mcu.externaltools.gnu-tools-for-stm32.12.3.rel1.linux64_1.0.200.202406132123/tools/bin/../lib/gcc/arm-none-eabi/12.3.1/thumb/v7e-m/nofp/crtn.o
OUTPUT(SECoreBin.elf elf32-littlearm)
LOAD linker stubs
LOAD /opt/st/stm32cubeide_1.16.0/plugins/com.st.stm32cube.ide.mcu.externaltools.gnu-tools-for-stm32.12.3.rel1.linux64_1.0.200.202406132123/tools/bin/../lib/gcc/arm-none-eabi/12.3.1/../../../../arm-none-eabi/lib/thumb/v7e-m/nofp/libc.a
LOAD /opt/st/stm32cubeide_1.16.0/plugins/com.st.stm32cube.ide.mcu.externaltools.gnu-tools-for-stm32.12.3.rel1.linux64_1.0.200.202406132123/tools/bin/../lib/gcc/arm-none-eabi/12.3.1/../../../../arm-none-eabi/lib/thumb/v7e-m/nofp/libm.a
LOAD /opt/st/stm32cubeide_1.16.0/plugins/com.st.stm32cube.ide.mcu.externaltools.gnu-tools-for-stm32.12.3.rel1.linux64_1.0.200.202406132123/tools/bin/../lib/gcc/arm-none-eabi/12.3.1/thumb/v7e-m/nofp/libgcc.a

.debug_info     0x00000000    0x1f59b
 .debug_info    0x00000000      0x182 ./Application/Startup/data_init.o
 .debug_info    0x00000182      0xed8 ./Application/User/ca_low_level.o
 .debug_info    0x0000105a      0x291 ./Application/User/kms_low_level.o
 .debug_info    0x000012eb      0x545 ./Application/User/nvms_low_level.o
 .debug_info    0x00001830     0x15cb ./Application/User/se_low_level.o
 .debug_info    0x00002dfb     0x2a27 ./Drivers/STM32WLxx_HAL_Driver/stm32wlxx_hal_cryp.o
 .debug_info    0x00005822      0xa64 ./Drivers/STM32WLxx_HAL_Driver/stm32wlxx_hal_cryp_ex.o
 .debug_info    0x00006286      0x84c ./Drivers/STM32WLxx_HAL_Driver/stm32wlxx_hal_flash.o
 .debug_info    0x00006ad2     0x1319 ./Drivers/STM32WLxx_HAL_Driver/stm32wlxx_hal_flash_ex.o
 .debug_info    0x00007deb     0x3044 ./Drivers/STM32WLxx_HAL_Driver/stm32wlxx_hal_pka.o
 .debug_info    0x0000ae2f     0x4c7b ./Middlewares/STM32_Key_Management_Services/ca_core.o
 .debug_info    0x0000faaa      0x707 ./Middlewares/STM32_Key_Management_Services/kms_counter.o
 .debug_info    0x000101b1      0x425 ./Middlewares/STM32_Key_Management_Services/kms_der_x962.o
 .debug_info    0x000105d6      0x86e ./Middlewares/STM32_Key_Management_Services/kms_digest.o
 .debug_info    0x00010e44      0xc02 ./Middlewares/STM32_Key_Management_Services/kms_dyn_obj.o
 .debug_info    0x00011a46      0x4c9 ./Middlewares/STM32_Key_Management_Services/kms_ecc.o
 .debug_info    0x00011f0f     0x1f16 ./Middlewares/STM32_Key_Management_Services/kms_enc_dec.o
 .debug_info    0x00013e25     0x1f94 ./Middlewares/STM32_Key_Management_Services/kms_entry.o
 .debug_info    0x00015db9      0x81f ./Middlewares/STM32_Key_Management_Services/kms_init.o
 .debug_info    0x000165d8      0x7bd ./Middlewares/STM32_Key_Management_Services/kms_key_mgt.o
 .debug_info    0x00016d95      0x7ae ./Middlewares/STM32_Key_Management_Services/kms_mem.o
 .debug_info    0x00017543     0x1ec5 ./Middlewares/STM32_Key_Management_Services/kms_nvm_storage.o
 .debug_info    0x00019408     0x2664 ./Middlewares/STM32_Key_Management_Services/kms_objects.o
 .debug_info    0x0001ba6c      0xa5f ./Middlewares/STM32_Key_Management_Services/kms_platf_objects.o
 .debug_info    0x0001c4cb     0x17b9 ./Middlewares/STM32_Key_Management_Services/kms_sign_verify.o
 .debug_info    0x0001dc84      0x85c ./Middlewares/STM32_Secure_Engine/se_callgate.o
 .debug_info    0x0001e4e0      0x386 ./Middlewares/STM32_Secure_Engine/se_fwimg.o
 .debug_info    0x0001e866       0xc6 ./Middlewares/STM32_Secure_Engine/se_startup.o
 .debug_info    0x0001e92c      0x362 ./Middlewares/STM32_Secure_Engine/se_user_application.o
 .debug_info    0x0001ec8e      0x21e ./Middlewares/STM32_Secure_Engine/se_utils.o
 .debug_info    0x0001eeac      0x6ef ./Middlewares/Third_Party/mbed-crypto/sha256.o

.debug_abbrev   0x00000000     0x5410
 .debug_abbrev  0x00000000       0xd7 ./Application/Startup/data_init.o
 .debug_abbrev  0x000000d7      0x24f ./Application/User/ca_low_level.o
 .debug_abbrev  0x00000326      0x19d ./Application/User/kms_low_level.o
 .debug_abbrev  0x000004c3      0x24d ./Application/User/nvms_low_level.o
 .debug_abbrev  0x00000710      0x435 ./Application/User/se_low_level.o
 .debug_abbrev  0x00000b45      0x3e9 ./Drivers/STM32WLxx_HAL_Driver/stm32wlxx_hal_cryp.o
 .debug_abbrev  0x00000f2e      0x206 ./Drivers/STM32WLxx_HAL_Driver/stm32wlxx_hal_cryp_ex.o
 .debug_abbrev  0x00001134      0x38b ./Drivers/STM32WLxx_HAL_Driver/stm32wlxx_hal_flash.o
 .debug_abbrev  0x000014bf      0x3aa ./Drivers/STM32WLxx_HAL_Driver/stm32wlxx_hal_flash_ex.o
 .debug_abbrev  0x00001869      0x3c7 ./Drivers/STM32WLxx_HAL_Driver/stm32wlxx_hal_pka.o
 .debug_abbrev  0x00001c30      0x62f ./Middlewares/STM32_Key_Management_Services/ca_core.o
 .debug_abbrev  0x0000225f      0x1e7 ./Middlewares/STM32_Key_Management_Services/kms_counter.o
 .debug_abbrev  0x00002446      0x1e5 ./Middlewares/STM32_Key_Management_Services/kms_der_x962.o
 .debug_abbrev  0x0000262b      0x247 ./Middlewares/STM32_Key_Management_Services/kms_digest.o
 .debug_abbrev  0x00002872      0x27d ./Middlewares/STM32_Key_Management_Services/kms_dyn_obj.o
 .debug_abbrev  0x00002aef      0x1d8 ./Middlewares/STM32_Key_Management_Services/kms_ecc.o
 .debug_abbrev  0x00002cc7      0x33e ./Middlewares/STM32_Key_Management_Services/kms_enc_dec.o
 .debug_abbrev  0x00003005      0x2a7 ./Middlewares/STM32_Key_Management_Services/kms_entry.o
 .debug_abbrev  0x000032ac      0x295 ./Middlewares/STM32_Key_Management_Services/kms_init.o
 .debug_abbrev  0x00003541      0x1ff ./Middlewares/STM32_Key_Management_Services/kms_key_mgt.o
 .debug_abbrev  0x00003740      0x2ea ./Middlewares/STM32_Key_Management_Services/kms_mem.o
 .debug_abbrev  0x00003a2a      0x4fe ./Middlewares/STM32_Key_Management_Services/kms_nvm_storage.o
 .debug_abbrev  0x00003f28      0x45c ./Middlewares/STM32_Key_Management_Services/kms_objects.o
 .debug_abbrev  0x00004384      0x276 ./Middlewares/STM32_Key_Management_Services/kms_platf_objects.o
 .debug_abbrev  0x000045fa      0x358 ./Middlewares/STM32_Key_Management_Services/kms_sign_verify.o
 .debug_abbrev  0x00004952      0x2fc ./Middlewares/STM32_Secure_Engine/se_callgate.o
 .debug_abbrev  0x00004c4e      0x176 ./Middlewares/STM32_Secure_Engine/se_fwimg.o
 .debug_abbrev  0x00004dc4       0x8e ./Middlewares/STM32_Secure_Engine/se_startup.o
 .debug_abbrev  0x00004e52      0x171 ./Middlewares/STM32_Secure_Engine/se_user_application.o
 .debug_abbrev  0x00004fc3      0x17a ./Middlewares/STM32_Secure_Engine/se_utils.o
 .debug_abbrev  0x0000513d      0x2d3 ./Middlewares/Third_Party/mbed-crypto/sha256.o

.debug_aranges  0x00000000      0xe68
 .debug_aranges
                0x00000000       0x30 ./Application/Startup/data_init.o
 .debug_aranges
                0x00000030       0x38 ./Application/User/ca_low_level.o
 .debug_aranges
                0x00000068       0x40 ./Application/User/kms_low_level.o
 .debug_aranges
                0x000000a8       0x38 ./Application/User/nvms_low_level.o
 .debug_aranges
                0x000000e0       0xa8 ./Application/User/se_low_level.o
 .debug_aranges
                0x00000188      0x168 ./Drivers/STM32WLxx_HAL_Driver/stm32wlxx_hal_cryp.o
 .debug_aranges
                0x000002f0       0x38 ./Drivers/STM32WLxx_HAL_Driver/stm32wlxx_hal_cryp_ex.o
 .debug_aranges
                0x00000328       0x80 ./Drivers/STM32WLxx_HAL_Driver/stm32wlxx_hal_flash.o
 .debug_aranges
                0x000003a8       0x90 ./Drivers/STM32WLxx_HAL_Driver/stm32wlxx_hal_flash_ex.o
 .debug_aranges
                0x00000438      0x290 ./Drivers/STM32WLxx_HAL_Driver/stm32wlxx_hal_pka.o
 .debug_aranges
                0x000006c8      0x210 ./Middlewares/STM32_Key_Management_Services/ca_core.o
 .debug_aranges
                0x000008d8       0x28 ./Middlewares/STM32_Key_Management_Services/kms_counter.o
 .debug_aranges
                0x00000900       0x38 ./Middlewares/STM32_Key_Management_Services/kms_der_x962.o
 .debug_aranges
                0x00000938       0x38 ./Middlewares/STM32_Key_Management_Services/kms_digest.o
 .debug_aranges
                0x00000970       0x48 ./Middlewares/STM32_Key_Management_Services/kms_dyn_obj.o
 .debug_aranges
                0x000009b8       0x20 ./Middlewares/STM32_Key_Management_Services/kms_ecc.o
 .debug_aranges
                0x000009d8       0x60 ./Middlewares/STM32_Key_Management_Services/kms_enc_dec.o
 .debug_aranges
                0x00000a38       0x28 ./Middlewares/STM32_Key_Management_Services/kms_entry.o
 .debug_aranges
                0x00000a60       0x58 ./Middlewares/STM32_Key_Management_Services/kms_init.o
 .debug_aranges
                0x00000ab8       0x28 ./Middlewares/STM32_Key_Management_Services/kms_key_mgt.o
 .debug_aranges
                0x00000ae0       0x38 ./Middlewares/STM32_Key_Management_Services/kms_mem.o
 .debug_aranges
                0x00000b18       0xa8 ./Middlewares/STM32_Key_Management_Services/kms_nvm_storage.o
 .debug_aranges
                0x00000bc0       0xb0 ./Middlewares/STM32_Key_Management_Services/kms_objects.o
 .debug_aranges
                0x00000c70       0x90 ./Middlewares/STM32_Key_Management_Services/kms_platf_objects.o
 .debug_aranges
                0x00000d00       0x40 ./Middlewares/STM32_Key_Management_Services/kms_sign_verify.o
 .debug_aranges
                0x00000d40       0x30 ./Middlewares/STM32_Secure_Engine/se_callgate.o
 .debug_aranges
                0x00000d70       0x30 ./Middlewares/STM32_Secure_Engine/se_fwimg.o
 .debug_aranges
                0x00000da0       0x20 ./Middlewares/STM32_Secure_Engine/se_startup.o
 .debug_aranges
                0x00000dc0       0x20 ./Middlewares/STM32_Secure_Engine/se_user_application.o
 .debug_aranges
                0x00000de0       0x30 ./Middlewares/STM32_Secure_Engine/se_utils.o
 .debug_aranges
                0x00000e10       0x58 ./Middlewares/Third_Party/mbed-crypto/sha256.o

.debug_rnglists
                0x00000000     0x1385
 .debug_rnglists
                0x00000000       0x3d ./Application/Startup/data_init.o
 .debug_rnglists
                0x0000003d       0x25 ./Application/User/ca_low_level.o
 .debug_rnglists
                0x00000062       0x2b ./Application/User/kms_low_level.o
 .debug_rnglists
                0x0000008d       0x31 ./Application/User/nvms_low_level.o
 .debug_rnglists
                0x000000be       0x85 ./Application/User/se_low_level.o
 .debug_rnglists
                0x00000143      0x23a ./Drivers/STM32WLxx_HAL_Driver/stm32wlxx_hal_cryp.o
 .debug_rnglists
                0x0000037d       0x27 ./Drivers/STM32WLxx_HAL_Driver/stm32wlxx_hal_cryp_ex.o
 .debug_rnglists
                0x000003a4       0x5c ./Drivers/STM32WLxx_HAL_Driver/stm32wlxx_hal_flash.o
 .debug_rnglists
                0x00000400      0x106 ./Drivers/STM32WLxx_HAL_Driver/stm32wlxx_hal_flash_ex.o
 .debug_rnglists
                0x00000506      0x273 ./Drivers/STM32WLxx_HAL_Driver/stm32wlxx_hal_pka.o
 .debug_rnglists
                0x00000779      0x1ff ./Middlewares/STM32_Key_Management_Services/ca_core.o
 .debug_rnglists
                0x00000978       0x1a ./Middlewares/STM32_Key_Management_Services/kms_counter.o
 .debug_rnglists
                0x00000992       0x32 ./Middlewares/STM32_Key_Management_Services/kms_der_x962.o
 .debug_rnglists
                0x000009c4       0x52 ./Middlewares/STM32_Key_Management_Services/kms_digest.o
 .debug_rnglists
                0x00000a16       0x5b ./Middlewares/STM32_Key_Management_Services/kms_dyn_obj.o
 .debug_rnglists
                0x00000a71       0x13 ./Middlewares/STM32_Key_Management_Services/kms_ecc.o
 .debug_rnglists
                0x00000a84       0xf0 ./Middlewares/STM32_Key_Management_Services/kms_enc_dec.o
 .debug_rnglists
                0x00000b74      0x1a0 ./Middlewares/STM32_Key_Management_Services/kms_entry.o
 .debug_rnglists
                0x00000d14       0x3e ./Middlewares/STM32_Key_Management_Services/kms_init.o
 .debug_rnglists
                0x00000d52       0x3b ./Middlewares/STM32_Key_Management_Services/kms_key_mgt.o
 .debug_rnglists
                0x00000d8d       0x5a ./Middlewares/STM32_Key_Management_Services/kms_mem.o
 .debug_rnglists
                0x00000de7      0x26e ./Middlewares/STM32_Key_Management_Services/kms_nvm_storage.o
 .debug_rnglists
                0x00001055      0x13f ./Middlewares/STM32_Key_Management_Services/kms_objects.o
 .debug_rnglists
                0x00001194       0x85 ./Middlewares/STM32_Key_Management_Services/kms_platf_objects.o
 .debug_rnglists
                0x00001219       0x8d ./Middlewares/STM32_Key_Management_Services/kms_sign_verify.o
 .debug_rnglists
                0x000012a6       0x3b ./Middlewares/STM32_Secure_Engine/se_callgate.o
 .debug_rnglists
                0x000012e1       0x1f ./Middlewares/STM32_Secure_Engine/se_fwimg.o
 .debug_rnglists
                0x00001300       0x13 ./Middlewares/STM32_Secure_Engine/se_startup.o
 .debug_rnglists
                0x00001313       0x13 ./Middlewares/STM32_Secure_Engine/se_user_application.o
 .debug_rnglists
                0x00001326       0x1f ./Middlewares/STM32_Secure_Engine/se_utils.o
 .debug_rnglists
                0x00001345       0x40 ./Middlewares/Third_Party/mbed-crypto/sha256.o

.debug_macro    0x00000000    0x22fae
 .debug_macro   0x00000000       0x20 ./Application/Startup/data_init.o
 .debug_macro   0x00000020      0xac6 ./Application/Startup/data_init.o
 .debug_macro   0x00000ae6      0x34e ./Application/Startup/data_init.o
 .debug_macro   0x00000e34      0x366 ./Application/User/ca_low_level.o
 .debug_macro   0x0000119a       0x22 ./Application/User/ca_low_level.o
 .debug_macro   0x000011bc       0x8e ./Application/User/ca_low_level.o
 .debug_macro   0x0000124a       0x51 ./Application/User/ca_low_level.o
 .debug_macro   0x0000129b      0x103 ./Application/User/ca_low_level.o
 .debug_macro   0x0000139e       0x6a ./Application/User/ca_low_level.o
 .debug_macro   0x00001408      0x1df ./Application/User/ca_low_level.o
 .debug_macro   0x000015e7      0x121 ./Application/User/ca_low_level.o
 .debug_macro   0x00001708      0x139 ./Application/User/ca_low_level.o
 .debug_macro   0x00001841       0xa0 ./Application/User/ca_low_level.o
 .debug_macro   0x000018e1       0x10 ./Application/User/ca_low_level.o
 .debug_macro   0x000018f1       0x1c ./Application/User/ca_low_level.o
 .debug_macro   0x0000190d      0x11d ./Application/User/ca_low_level.o
 .debug_macro   0x00001a2a       0x2e ./Application/User/ca_low_level.o
 .debug_macro   0x00001a58       0x3a ./Application/User/ca_low_level.o
 .debug_macro   0x00001a92       0x1c ./Application/User/ca_low_level.o
 .debug_macro   0x00001aae       0x22 ./Application/User/ca_low_level.o
 .debug_macro   0x00001ad0       0xfb ./Application/User/ca_low_level.o
 .debug_macro   0x00001bcb     0x1011 ./Application/User/ca_low_level.o
 .debug_macro   0x00002bdc      0x11f ./Application/User/ca_low_level.o
 .debug_macro   0x00002cfb     0xf31a ./Application/User/ca_low_level.o
 .debug_macro   0x00012015       0x6d ./Application/User/ca_low_level.o
 .debug_macro   0x00012082     0x341d ./Application/User/ca_low_level.o
 .debug_macro   0x0001549f      0x189 ./Application/User/ca_low_level.o
 .debug_macro   0x00015628       0x5c ./Application/User/ca_low_level.o
 .debug_macro   0x00015684      0x416 ./Application/User/ca_low_level.o
 .debug_macro   0x00015a9a      0x29c ./Application/User/ca_low_level.o
 .debug_macro   0x00015d36      0x35a ./Application/User/ca_low_level.o
 .debug_macro   0x00016090      0x196 ./Application/User/ca_low_level.o
 .debug_macro   0x00016226       0x4a ./Application/User/ca_low_level.o
 .debug_macro   0x00016270       0xc7 ./Application/User/ca_low_level.o
 .debug_macro   0x00016337       0x4c ./Application/User/ca_low_level.o
 .debug_macro   0x00016383      0x153 ./Application/User/ca_low_level.o
 .debug_macro   0x000164d6       0x27 ./Application/User/ca_low_level.o
 .debug_macro   0x000164fd      0x3fa ./Application/User/ca_low_level.o
 .debug_macro   0x000168f7       0x2e ./Application/User/ca_low_level.o
 .debug_macro   0x00016925      0x107 ./Application/User/ca_low_level.o
 .debug_macro   0x00016a2c      0x1ba ./Application/User/ca_low_level.o
 .debug_macro   0x00016be6       0xe6 ./Application/User/ca_low_level.o
 .debug_macro   0x00016ccc      0x10f ./Application/User/ca_low_level.o
 .debug_macro   0x00016ddb      0x283 ./Application/User/ca_low_level.o
 .debug_macro   0x0001705e      0x133 ./Application/User/ca_low_level.o
 .debug_macro   0x00017191      0x36f ./Application/User/ca_low_level.o
 .debug_macro   0x00017500      0x683 ./Application/User/ca_low_level.o
 .debug_macro   0x00017b83      0x20e ./Application/User/ca_low_level.o
 .debug_macro   0x00017d91      0xfb4 ./Application/User/ca_low_level.o
 .debug_macro   0x00018d45      0x136 ./Application/User/ca_low_level.o
 .debug_macro   0x00018e7b      0x2db ./Application/User/ca_low_level.o
 .debug_macro   0x00019156      0x45a ./Application/User/ca_low_level.o
 .debug_macro   0x000195b0      0x3c0 ./Application/User/ca_low_level.o
 .debug_macro   0x00019970       0x10 ./Application/User/ca_low_level.o
 .debug_macro   0x00019980       0x1f ./Application/User/ca_low_level.o
 .debug_macro   0x0001999f       0x61 ./Application/User/ca_low_level.o
 .debug_macro   0x00019a00      0x369 ./Application/User/ca_low_level.o
 .debug_macro   0x00019d69       0x7c ./Application/User/ca_low_level.o
 .debug_macro   0x00019de5       0x17 ./Application/User/ca_low_level.o
 .debug_macro   0x00019dfc      0x118 ./Application/User/ca_low_level.o
 .debug_macro   0x00019f14       0x2e ./Application/User/ca_low_level.o
 .debug_macro   0x00019f42       0x10 ./Application/User/ca_low_level.o
 .debug_macro   0x00019f52       0x22 ./Application/User/ca_low_level.o
 .debug_macro   0x00019f74       0x10 ./Application/User/ca_low_level.o
 .debug_macro   0x00019f84      0x3b3 ./Application/User/kms_low_level.o
 .debug_macro   0x0001a337       0x24 ./Application/User/kms_low_level.o
 .debug_macro   0x0001a35b       0x43 ./Application/User/kms_low_level.o
 .debug_macro   0x0001a39e       0x34 ./Application/User/kms_low_level.o
 .debug_macro   0x0001a3d2       0x16 ./Application/User/kms_low_level.o
 .debug_macro   0x0001a3e8       0x43 ./Application/User/kms_low_level.o
 .debug_macro   0x0001a42b       0x34 ./Application/User/kms_low_level.o
 .debug_macro   0x0001a45f       0x10 ./Application/User/kms_low_level.o
 .debug_macro   0x0001a46f       0x58 ./Application/User/kms_low_level.o
 .debug_macro   0x0001a4c7       0x8e ./Application/User/kms_low_level.o
 .debug_macro   0x0001a555       0x1c ./Application/User/kms_low_level.o
 .debug_macro   0x0001a571      0x177 ./Application/User/kms_low_level.o
 .debug_macro   0x0001a6e8       0x10 ./Application/User/kms_low_level.o
 .debug_macro   0x0001a6f8       0x35 ./Application/User/kms_low_level.o
 .debug_macro   0x0001a72d       0x20 ./Application/User/kms_low_level.o
 .debug_macro   0x0001a74d       0x22 ./Application/User/kms_low_level.o
 .debug_macro   0x0001a76f       0x22 ./Application/User/kms_low_level.o
 .debug_macro   0x0001a791     0x13d3 ./Application/User/kms_low_level.o
 .debug_macro   0x0001bb64      0x10e ./Application/User/kms_low_level.o
 .debug_macro   0x0001bc72       0x1c ./Application/User/kms_low_level.o
 .debug_macro   0x0001bc8e       0x2e ./Application/User/kms_low_level.o
 .debug_macro   0x0001bcbc       0x22 ./Application/User/kms_low_level.o
 .debug_macro   0x0001bcde       0x7e ./Application/User/kms_low_level.o
 .debug_macro   0x0001bd5c       0xdc ./Application/User/kms_low_level.o
 .debug_macro   0x0001be38       0x3a ./Application/User/kms_low_level.o
 .debug_macro   0x0001be72       0x56 ./Application/User/kms_low_level.o
 .debug_macro   0x0001bec8       0x1c ./Application/User/kms_low_level.o
 .debug_macro   0x0001bee4       0x28 ./Application/User/kms_low_level.o
 .debug_macro   0x0001bf0c       0x5e ./Application/User/kms_low_level.o
 .debug_macro   0x0001bf6a       0x1c ./Application/User/kms_low_level.o
 .debug_macro   0x0001bf86      0x302 ./Application/User/nvms_low_level.o
 .debug_macro   0x0001c288       0x5b ./Application/User/nvms_low_level.o
 .debug_macro   0x0001c2e3       0x94 ./Application/User/nvms_low_level.o
 .debug_macro   0x0001c377       0x57 ./Application/User/nvms_low_level.o
 .debug_macro   0x0001c3ce       0x28 ./Application/User/nvms_low_level.o
 .debug_macro   0x0001c3f6      0x40f ./Application/User/se_low_level.o
 .debug_macro   0x0001c805       0x9a ./Application/User/se_low_level.o
 .debug_macro   0x0001c89f       0x7a ./Application/User/se_low_level.o
 .debug_macro   0x0001c919       0x64 ./Application/User/se_low_level.o
 .debug_macro   0x0001c97d       0x1c ./Application/User/se_low_level.o
 .debug_macro   0x0001c999       0x4c ./Application/User/se_low_level.o
 .debug_macro   0x0001c9e5      0x2a2 ./Drivers/STM32WLxx_HAL_Driver/stm32wlxx_hal_cryp.o
 .debug_macro   0x0001cc87      0x25d ./Drivers/STM32WLxx_HAL_Driver/stm32wlxx_hal_cryp_ex.o
 .debug_macro   0x0001cee4      0x21b ./Drivers/STM32WLxx_HAL_Driver/stm32wlxx_hal_flash.o
 .debug_macro   0x0001d0ff      0x215 ./Drivers/STM32WLxx_HAL_Driver/stm32wlxx_hal_flash_ex.o
 .debug_macro   0x0001d314      0x239 ./Drivers/STM32WLxx_HAL_Driver/stm32wlxx_hal_pka.o
 .debug_macro   0x0001d54d      0x704 ./Middlewares/STM32_Key_Management_Services/ca_core.o
 .debug_macro   0x0001dc51       0x10 ./Middlewares/STM32_Key_Management_Services/ca_core.o
 .debug_macro   0x0001dc61      0x613 ./Middlewares/STM32_Key_Management_Services/ca_core.o
 .debug_macro   0x0001e274       0xcf ./Middlewares/STM32_Key_Management_Services/ca_core.o
 .debug_macro   0x0001e343       0x10 ./Middlewares/STM32_Key_Management_Services/ca_core.o
 .debug_macro   0x0001e353       0x4e ./Middlewares/STM32_Key_Management_Services/ca_core.o
 .debug_macro   0x0001e3a1       0x1c ./Middlewares/STM32_Key_Management_Services/ca_core.o
 .debug_macro   0x0001e3bd       0x28 ./Middlewares/STM32_Key_Management_Services/ca_core.o
 .debug_macro   0x0001e3e5       0x2e ./Middlewares/STM32_Key_Management_Services/ca_core.o
 .debug_macro   0x0001e413       0x10 ./Middlewares/STM32_Key_Management_Services/ca_core.o
 .debug_macro   0x0001e423       0x10 ./Middlewares/STM32_Key_Management_Services/ca_core.o
 .debug_macro   0x0001e433       0x25 ./Middlewares/STM32_Key_Management_Services/ca_core.o
 .debug_macro   0x0001e458       0x1c ./Middlewares/STM32_Key_Management_Services/ca_core.o
 .debug_macro   0x0001e474       0x34 ./Middlewares/STM32_Key_Management_Services/ca_core.o
 .debug_macro   0x0001e4a8       0x1c ./Middlewares/STM32_Key_Management_Services/ca_core.o
 .debug_macro   0x0001e4c4       0x34 ./Middlewares/STM32_Key_Management_Services/ca_core.o
 .debug_macro   0x0001e4f8       0x72 ./Middlewares/STM32_Key_Management_Services/ca_core.o
 .debug_macro   0x0001e56a       0x64 ./Middlewares/STM32_Key_Management_Services/ca_core.o
 .debug_macro   0x0001e5ce       0x4c ./Middlewares/STM32_Key_Management_Services/ca_core.o
 .debug_macro   0x0001e61a       0x5e ./Middlewares/STM32_Key_Management_Services/ca_core.o
 .debug_macro   0x0001e678       0x1c ./Middlewares/STM32_Key_Management_Services/ca_core.o
 .debug_macro   0x0001e694       0x28 ./Middlewares/STM32_Key_Management_Services/ca_core.o
 .debug_macro   0x0001e6bc       0x10 ./Middlewares/STM32_Key_Management_Services/ca_core.o
 .debug_macro   0x0001e6cc       0x10 ./Middlewares/STM32_Key_Management_Services/ca_core.o
 .debug_macro   0x0001e6dc      0x1ee ./Middlewares/STM32_Key_Management_Services/kms_counter.o
 .debug_macro   0x0001e8ca       0x5a ./Middlewares/STM32_Key_Management_Services/kms_counter.o
 .debug_macro   0x0001e924       0x3c ./Middlewares/STM32_Key_Management_Services/kms_counter.o
 .debug_macro   0x0001e960      0x19b ./Middlewares/STM32_Key_Management_Services/kms_der_x962.o
 .debug_macro   0x0001eafb       0x2e ./Middlewares/STM32_Key_Management_Services/kms_der_x962.o
 .debug_macro   0x0001eb29      0x48b ./Middlewares/STM32_Key_Management_Services/kms_digest.o
 .debug_macro   0x0001efb4      0x255 ./Middlewares/STM32_Key_Management_Services/kms_dyn_obj.o
 .debug_macro   0x0001f209      0x48b ./Middlewares/STM32_Key_Management_Services/kms_ecc.o
 .debug_macro   0x0001f694      0x4a1 ./Middlewares/STM32_Key_Management_Services/kms_enc_dec.o
 .debug_macro   0x0001fb35      0x3e5 ./Middlewares/STM32_Key_Management_Services/kms_entry.o
 .debug_macro   0x0001ff1a       0x58 ./Middlewares/STM32_Key_Management_Services/kms_entry.o
 .debug_macro   0x0001ff72      0x1dd ./Middlewares/STM32_Key_Management_Services/kms_entry.o
 .debug_macro   0x0002014f      0x504 ./Middlewares/STM32_Key_Management_Services/kms_init.o
 .debug_macro   0x00020653       0x16 ./Middlewares/STM32_Key_Management_Services/kms_init.o
 .debug_macro   0x00020669      0x4ed ./Middlewares/STM32_Key_Management_Services/kms_key_mgt.o
 .debug_macro   0x00020b56      0x43e ./Middlewares/STM32_Key_Management_Services/kms_mem.o
 .debug_macro   0x00020f94      0x1c3 ./Middlewares/STM32_Key_Management_Services/kms_nvm_storage.o
 .debug_macro   0x00021157      0x3f1 ./Middlewares/STM32_Key_Management_Services/kms_objects.o
 .debug_macro   0x00021548      0x23d ./Middlewares/STM32_Key_Management_Services/kms_platf_objects.o
 .debug_macro   0x00021785       0x68 ./Middlewares/STM32_Key_Management_Services/kms_platf_objects.o
 .debug_macro   0x000217ed      0x4b6 ./Middlewares/STM32_Key_Management_Services/kms_sign_verify.o
 .debug_macro   0x00021ca3      0x446 ./Middlewares/STM32_Secure_Engine/se_callgate.o
 .debug_macro   0x000220e9       0x10 ./Middlewares/STM32_Secure_Engine/se_callgate.o
 .debug_macro   0x000220f9       0x94 ./Middlewares/STM32_Secure_Engine/se_callgate.o
 .debug_macro   0x0002218d       0x16 ./Middlewares/STM32_Secure_Engine/se_callgate.o
 .debug_macro   0x000221a3       0x34 ./Middlewares/STM32_Secure_Engine/se_callgate.o
 .debug_macro   0x000221d7      0x1e3 ./Middlewares/STM32_Secure_Engine/se_callgate.o
 .debug_macro   0x000223ba      0x360 ./Middlewares/STM32_Secure_Engine/se_fwimg.o
 .debug_macro   0x0002271a       0xa1 ./Middlewares/STM32_Secure_Engine/se_startup.o
 .debug_macro   0x000227bb      0x356 ./Middlewares/STM32_Secure_Engine/se_user_application.o
 .debug_macro   0x00022b11      0x28c ./Middlewares/STM32_Secure_Engine/se_utils.o
 .debug_macro   0x00022d9d      0x211 ./Middlewares/Third_Party/mbed-crypto/sha256.o

.debug_line     0x00000000    0x2367f
 .debug_line    0x00000000      0x1f8 ./Application/Startup/data_init.o
 .debug_line    0x000001f8      0xdf6 ./Application/User/ca_low_level.o
 .debug_line    0x00000fee      0xc3a ./Application/User/kms_low_level.o
 .debug_line    0x00001c28      0xba4 ./Application/User/nvms_low_level.o
 .debug_line    0x000027cc     0x1379 ./Application/User/se_low_level.o
 .debug_line    0x00003b45     0x4a73 ./Drivers/STM32WLxx_HAL_Driver/stm32wlxx_hal_cryp.o
 .debug_line    0x000085b8      0xb55 ./Drivers/STM32WLxx_HAL_Driver/stm32wlxx_hal_cryp_ex.o
 .debug_line    0x0000910d      0xd82 ./Drivers/STM32WLxx_HAL_Driver/stm32wlxx_hal_flash.o
 .debug_line    0x00009e8f     0x1164 ./Drivers/STM32WLxx_HAL_Driver/stm32wlxx_hal_flash_ex.o
 .debug_line    0x0000aff3     0x1cdb ./Drivers/STM32WLxx_HAL_Driver/stm32wlxx_hal_pka.o
 .debug_line    0x0000ccce     0x38f6 ./Middlewares/STM32_Key_Management_Services/ca_core.o
 .debug_line    0x000105c4      0x9c3 ./Middlewares/STM32_Key_Management_Services/kms_counter.o
 .debug_line    0x00010f87      0x8fd ./Middlewares/STM32_Key_Management_Services/kms_der_x962.o
 .debug_line    0x00011884     0x114b ./Middlewares/STM32_Key_Management_Services/kms_digest.o
 .debug_line    0x000129cf      0xd58 ./Middlewares/STM32_Key_Management_Services/kms_dyn_obj.o
 .debug_line    0x00013727      0xeb1 ./Middlewares/STM32_Key_Management_Services/kms_ecc.o
 .debug_line    0x000145d8     0x173d ./Middlewares/STM32_Key_Management_Services/kms_enc_dec.o