../../Drivers/STM32WLxx_HAL_Driver/Inc/stm32wlxx_ll_bus.h:449:22:void LL_AHB2_GRP1_EnableClock(uint32_t)	24	static
/opt/st/stm32cubeide_1.16.0/plugins/com.st.stm32cube.ide.mcu.externaltools.gnu-tools-for-stm32.12.3.rel1.linux64_1.0.200.202406132123/tools/arm-none-eabi/include/c++/12.3.1/cmath:222:3:constexpr float std::exp(float)	16	static
../Core/Inc/nn.hpp:53:14:void* PushSize(memory_arena*, size_t)	24	static
../Core/Inc/nn.hpp:62:6:void InitMemory()	4	static
../Core/Inc/nn.hpp:76:5:f32 uniform_randf()	24	static
../Core/Inc/nn.hpp:81:8:int8_t uniform_rand()	16	static
../Core/Inc/nn.hpp:93:5:M::M(u8*, uint32_t, uint32_t)	24	static
../Core/Inc/nn.hpp:106:14:static M M::zeros(uint32_t, uint32_t)	32	static
../Core/Inc/nn.hpp:117:14:static M M::zerosScratch(uint32_t, uint32_t)	32	static
../Core/Inc/nn.hpp:130:14:static M M::rand(uint32_t, uint32_t)	32	static
../Core/Inc/nn.hpp:146:10:void M::print()	24	static
../Core/Inc/nn.hpp:305:14:uint32_t M::argmax()	24	static
../Core/Inc/nn.hpp:372:5:M4::M4(u8*, uint32_t, uint32_t, uint32_t, uint32_t)	24	static
../Core/Inc/nn.hpp:384:15:static M4 M4::zeros(uint32_t, uint32_t, uint32_t, uint32_t)	40	static
../Core/Inc/nn.hpp:501:4:M4 operator*(f32, M4)	40	static
../Core/Inc/nn.hpp:511:4:M4 operator-(M4, M4)	40	static
../Core/Inc/nn.hpp:522:3:M operator*(f32, M)	32	static
../Core/Inc/nn.hpp:541:6:void mt_seed(mt_state*, unsigned int)	24	static
../Core/Inc/nn.hpp:549:6:void mt_twist(mt_state*)	24	static
../Core/Inc/nn.hpp:560:14:unsigned int mt_rand(mt_state*)	24	static
../Core/Inc/nn.hpp:572:8:double mt_rand_double(mt_state*)	16	static
../Core/Inc/nn.hpp:576:5:f32 clip_by_value(f32, f32, f32)	24	static
../Core/Inc/nn.hpp:600:3:M Softmax(M)	48	static
../Core/Inc/nn.hpp:618:3:M SoftmaxPrime(M)	40	static
../Core/Inc/nn.hpp:639:3:M Sigmoid(M)	48	static
../Core/Inc/nn.hpp:650:3:M SigmoidPrime(M)	40	static
../Core/Inc/nn.hpp:661:3:M Relu(M)	32	static
../Core/Inc/nn.hpp:671:3:M ReluPrime(M)	32	static
../Core/Inc/nn.hpp:681:3:M Tanh(M)	40	static
../Core/Inc/nn.hpp:691:3:M TanhPrime(M)	32	static
../Core/Inc/nn.hpp:701:6:void setRandomUniform(double, double)	24	static
../Core/Inc/nn.hpp:721:19:static Layer* Layer::create(uint32_t, uint32_t)	48	static
../Core/Inc/nn.hpp:741:7:M Layer::forward(M)	40	static
../Core/Inc/nn.hpp:813:10:void Layer::print()	16	static
../Core/Inc/nn.hpp:875:8:Size3D get_output_from_kernel(uint32_t, uint32_t, uint32_t, uint32_t, uint32_t)	24	static
../Core/Src/main.cpp:72:5:int main()	64	static
../Core/Src/main.cpp:174:6:void SystemClock_Config()	112	static
../Core/Src/main.cpp:219:13:void MX_TIM16_Init()	8	static
../Core/Src/main.cpp:251:13:void MX_GPIO_Init()	8	static
../Core/Src/main.cpp:264:3:M predict(M)	96	static
../Core/Src/main.cpp:281:6:void SystemClock_Decrease()	112	static
../Core/Src/main.cpp:314:6:void Error_Handler()	4	static,ignoring_inline_asm
/opt/st/stm32cubeide_1.16.0/plugins/com.st.stm32cube.ide.mcu.externaltools.gnu-tools-for-stm32.12.3.rel1.linux64_1.0.200.202406132123/tools/arm-none-eabi/include/c++/12.3.1/cmath:234:5:constexpr typename __gnu_cxx::__enable_if<std::__is_integer<_Tp>::__value, double>::__type std::exp(_Tp) [with _Tp = int]	16	static
/opt/st/stm32cubeide_1.16.0/plugins/com.st.stm32cube.ide.mcu.externaltools.gnu-tools-for-stm32.12.3.rel1.linux64_1.0.200.202406132123/tools/arm-none-eabi/include/c++/12.3.1/cmath:513:5:constexpr typename __gnu_cxx::__enable_if<std::__is_integer<_Tp>::__value, double>::__type std::tanh(_Tp) [with _Tp = unsigned char]	16	static
